[INFO] [launch]: All log files can be found below /root/.ros/log/2026-10-01-05-27-47-337790-ubuntu-1
[INFO] [launch]: Default logging verbosity is set to INFO
[INFO] [gzserver-1]: process started with pid [70]
[INFO] [robot_state_publisher-2]: process started with pid [72]
[INFO] [spawn_entity.py-3]: process started with pid [74]
[INFO] [traffic_light-4]: process started with pid [76]
[INFO] [pedestrian-5]: process started with pid [78]
[robot_state_publisher-2] [INFO] [1790832468.194985082] [robot_state_publisher]: got segment base_footprint
[robot_state_publisher-2] [INFO] [1790832468.195236980] [robot_state_publisher]: got segment base_link
[robot_state_publisher-2] [INFO] [1790832468.195251444] [robot_state_publisher]: got segment base_scan
[robot_state_publisher-2] [INFO] [1790832468.195258910] [robot_state_publisher]: got segment camera_link
[robot_state_publisher-2] [INFO] [1790832468.195264284] [robot_state_publisher]: got segment camera_rgb_frame
[robot_state_publisher-2] [INFO] [1790832468.195269712] [robot_state_publisher]: got segment camera_rgb_optical_frame
[robot_state_publisher-2] [INFO] [1790832468.195274834] [robot_state_publisher]: got segment caster_back_left_link
[robot_state_publisher-2] [INFO] [1790832468.195281058] [robot_state_publisher]: got segment caster_back_right_link
[robot_state_publisher-2] [INFO] [1790832468.195287630] [robot_state_publisher]: got segment imu_link
[robot_state_publisher-2] [INFO] [1790832468.195292334] [robot_state_publisher]: got segment wheel_left_link
[robot_state_publisher-2] [INFO] [1790832468.195296996] [robot_state_publisher]: got segment wheel_right_link
[gzserver-1] Gazebo multi-robot simulator, version 11.10.2
[gzserver-1] Copyright (C) 2012 Open Source Robotics Foundation.
[gzserver-1] Released under the Apache 2 License.
[gzserver-1] http://gazebosim.org
[gzserver-1] 
[gzserver-1] [1;33m[Wrn] [gazebo_ros_init.cpp:178] [0m[1;33m
[gzserver-1] #     # ####### ####### ###  #####  #######
[gzserver-1] ##    # #     #    #     #  #     # #
[gzserver-1] # #   # #     #    #     #  #       #
[gzserver-1] #  #  # #     #    #     #  #       #####
[gzserver-1] #   # # #     #    #     #  #       #
[gzserver-1] #    ## #     #    #     #  #     # #
[gzserver-1] #     # #######    #    ###  #####  #######
[gzserver-1] 
[gzserver-1] This version of Gazebo, now called Gazebo classic, reaches end-of-life
[gzserver-1] in January 2025. Users are highly encouraged to migrate to the new Gazebo
[gzserver-1] using our migration guides (https://gazebosim.org/docs/latest/gazebo_classic_migration?utm_source=gazebo_ros_pkgs&utm_medium=cli)
[gzserver-1] 
[gzserver-1] [0m[1;33m
[spawn_entity.py-3] [INFO] [1790832468.884385400] [spawn_waffle]: Spawn Entity started
[spawn_entity.py-3] [INFO] [1790832468.885287977] [spawn_waffle]: Loading entity published on topic robot_description
[spawn_entity.py-3] [INFO] [1790832468.889422228] [spawn_waffle]: Waiting for entity xml on robot_description
[spawn_entity.py-3] [INFO] [1790832468.902324607] [spawn_waffle]: Waiting for service /spawn_entity, timeout = 30
[spawn_entity.py-3] [INFO] [1790832468.903234066] [spawn_waffle]: Waiting for service /spawn_entity
[gzserver-1] [0m[1;33m[0m[1;33m[0mALSA lib confmisc.c:855:(parse_card) cannot find card '0'
[gzserver-1] ALSA lib conf.c:5182:(_snd_config_evaluate) function snd_func_card_inum returned error: No such file or directory
[gzserver-1] ALSA lib confmisc.c:422:(snd_func_concat) error evaluating strings
[gzserver-1] ALSA lib conf.c:5182:(_snd_config_evaluate) function snd_func_concat returned error: No such file or directory
[gzserver-1] ALSA lib confmisc.c:1334:(snd_func_refer) error evaluating name
[gzserver-1] ALSA lib conf.c:5182:(_snd_config_evaluate) function snd_func_refer returned error: No such file or directory
[gzserver-1] ALSA lib conf.c:5705:(snd_config_expand) Evaluate error: No such file or directory
[gzserver-1] ALSA lib pcm.c:2664:(snd_pcm_open_noupdate) Unknown PCM default
[gzserver-1] AL lib: (EE) ALCplaybackAlsa_open: Could not open playback device 'default': No such file or directory
[gzserver-1] [1;31m[Err] [OpenAL.cc:84] [0m[1;31mUnable to open audio device[[0m[1;31mdefault[0m[1;31m]
[gzserver-1]  Audio will be disabled.
[gzserver-1] [1;32m[Msg] [0m[1;32mWaiting for master.[0m[1;32m
[gzserver-1] [0m[1;32m[0m[1;32m[0m[1;32m[Msg] [0m[1;32mConnected to gazebo master @ [0m[1;32mhttp://127.0.0.1:11345[0m[1;32m
[gzserver-1] [0m[1;32m[0m[1;32m[0m[1;32m[Msg] [0m[1;32mPublicized address: [0m[1;32m192.168.150.128[0m[1;32m
[gzserver-1] [0m[1;32m[0m[1;32m[0m[1;32m[Msg] [0m[1;32mLoading world file [[0m[1;32m/tmp/crc_track.world[0m[1;32m][0m[1;32m
[gzserver-1] [0m[INFO] [1790832469.553999562] [gazebo_ros_state]: Publishing states of gazebo models at [/model_states]
[gzserver-1] [INFO] [1790832469.555291665] [gazebo_ros_state]: Publishing states of gazebo links at [/link_states]
[pedestrian-5] [INFO] [1790832469.652829137] [pedestrian]: crossing at x=0.96 between y=-1.95 and y=-1.05, 6.4 s per crossing, 15 s at each kerb
[spawn_entity.py-3] [INFO] [1790832469.660712067] [spawn_waffle]: Calling service /spawn_entity
[traffic_light-4] [INFO] [1790832469.681157487] [traffic_light]: tl_j44_w: yaw=-3.142, lamp positions resolved
[traffic_light-4] [INFO] [1790832469.685459780] [traffic_light]: 1 lights (tl_j44_w) | backend=state | cfg=/ws_build/install/crc_sim/share/crc_sim/config/traffic_lights.yaml
[traffic_light-4] [INFO] [1790832469.793585747] [traffic_light]: tl_j44_w -> RED
[gzserver-1] [1;33m[Wrn] [Event.cc:61] [0m[1;33mWarning: Deleting a connection right after creation. [0m[1;33mMake sure to save the ConnectionPtr from a Connect call
[gzserver-1] [0m[INFO] [1790832470.470181853] [crc_camera_plugin]: Publishing camera info to [/camera/camera_info]
[spawn_entity.py-3] [INFO] [1790832470.587602849] [spawn_waffle]: Spawn status: SpawnEntity: Successfully spawned entity [waffle]
[INFO] [spawn_entity.py-3]: process has finished cleanly [pid 74]
[gzserver-1] [INFO] [1790832471.321538636] [crc_diff_drive]: Wheel pair 1 separation set to [0.287000m]
[gzserver-1] [INFO] [1790832471.321706253] [crc_diff_drive]: Wheel pair 1 diameter set to [0.066000m]
[gzserver-1] [INFO] [1790832471.325191033] [crc_diff_drive]: Subscribed to [/cmd_vel]
[gzserver-1] [INFO] [1790832471.328218837] [crc_diff_drive]: Advertise odometry on [/odom]
[gzserver-1] [INFO] [1790832471.331950989] [crc_diff_drive]: Publishing odom transforms between [odom] and [base_footprint]
[gzserver-1] [INFO] [1790832471.346564888] [crc_joint_states]: Going to publish joint [wheel_left_joint]
[gzserver-1] [INFO] [1790832471.346676337] [crc_joint_states]: Going to publish joint [wheel_right_joint]
[gzserver-1] [1;33m[Wrn] [Publisher.cc:135] [0m[1;33mQueue limit reached for topic [0m[1;33m/gazebo/crc_track/pose/local/info[0m[1;33m, deleting message. [0m[1;33mThis warning is printed only once.[0m[1;33m
[traffic_light-4] [INFO] [1790832476.159605035] [traffic_light]: tl_j44_w -> GREEN
[traffic_light-4] [INFO] [1790832481.997202123] [traffic_light]: tl_j44_w -> YELLOW
[traffic_light-4] [INFO] [1790832484.530366694] [traffic_light]: tl_j44_w -> RED
[traffic_light-4] [INFO] [1790832493.217149346] [traffic_light]: tl_j44_w -> GREEN
[traffic_light-4] [INFO] [1790832502.409665854] [traffic_light]: tl_j44_w -> YELLOW
[traffic_light-4] [INFO] [1790832504.707318707] [traffic_light]: tl_j44_w -> RED
[traffic_light-4] [INFO] [1790832514.551768195] [traffic_light]: tl_j44_w -> GREEN
[traffic_light-4] [INFO] [1790832522.761495131] [traffic_light]: tl_j44_w -> YELLOW
[traffic_light-4] [INFO] [1790832525.108897866] [traffic_light]: tl_j44_w -> RED
[traffic_light-4] [INFO] [1790832535.765041843] [traffic_light]: tl_j44_w -> GREEN
[traffic_light-4] [INFO] [1790832542.221990707] [traffic_light]: tl_j44_w -> YELLOW
[traffic_light-4] [INFO] [1790832544.596397299] [traffic_light]: tl_j44_w -> RED
[traffic_light-4] [INFO] [1790832555.744997814] [traffic_light]: tl_j44_w -> GREEN
[traffic_light-4] [INFO] [1790832562.190918468] [traffic_light]: tl_j44_w -> YELLOW
[traffic_light-4] [INFO] [1790832564.656279349] [traffic_light]: tl_j44_w -> RED
[traffic_light-4] [INFO] [1790832578.283914668] [traffic_light]: tl_j44_w -> GREEN
[traffic_light-4] [INFO] [1790832588.013827827] [traffic_light]: tl_j44_w -> YELLOW
[traffic_light-4] [INFO] [1790832590.419944000] [traffic_light]: tl_j44_w -> RED
[traffic_light-4] [INFO] [1790832598.663596748] [traffic_light]: tl_j44_w -> GREEN
[traffic_light-4] [INFO] [1790832608.381865764] [traffic_light]: tl_j44_w -> YELLOW
[traffic_light-4] [INFO] [1790832610.634811238] [traffic_light]: tl_j44_w -> RED
[traffic_light-4] [INFO] [1790832622.289529872] [traffic_light]: tl_j44_w -> GREEN
[traffic_light-4] [INFO] [1790832629.149278210] [traffic_light]: tl_j44_w -> YELLOW
[traffic_light-4] [INFO] [1790832631.356223584] [traffic_light]: tl_j44_w -> RED
[traffic_light-4] [INFO] [1790832640.469045737] [traffic_light]: tl_j44_w -> GREEN
[traffic_light-4] [INFO] [1790832648.478880734] [traffic_light]: tl_j44_w -> YELLOW
[traffic_light-4] [INFO] [1790832650.786485822] [traffic_light]: tl_j44_w -> RED
[traffic_light-4] [INFO] [1790832664.034630238] [traffic_light]: tl_j44_w -> GREEN
[traffic_light-4] [INFO] [1790832671.466516354] [traffic_light]: tl_j44_w -> YELLOW
[traffic_light-4] [INFO] [1790832673.819389516] [traffic_light]: tl_j44_w -> RED
[traffic_light-4] [INFO] [1790832681.674519044] [traffic_light]: tl_j44_w -> GREEN
[traffic_light-4] [INFO] [1790832690.685510127] [traffic_light]: tl_j44_w -> YELLOW
[traffic_light-4] [INFO] [1790832692.925006173] [traffic_light]: tl_j44_w -> RED
[traffic_light-4] [INFO] [1790832698.843986194] [traffic_light]: tl_j44_w -> GREEN
