[INFO] [launch]: All log files can be found below /root/.ros/log/2026-10-01-23-05-44-758379-ubuntu-206
[INFO] [launch]: Default logging verbosity is set to INFO
[INFO] [driver-1]: process started with pid [220]
[driver-1] [INFO] [1790895945.555705103] [crc_driver]: Evidence: /tmp/crc_results/20261001T230545_539448Z
[driver-1] [INFO] [1790895945.591043418] [crc_driver]: WAIT_SENSORS: odom distance=0.00 m
[driver-1] [INFO] [1790895946.528892483] [crc_driver]: FOLLOW: odom distance=0.00 m
[driver-1] [INFO] [1790895957.327702232] [crc_driver]: STOP_HOLD: odom distance=0.84 m
[driver-1] [INFO] [1790895960.443534664] [crc_driver]: FOLLOW: odom distance=0.85 m
[driver-1] [INFO] [1790895968.575948163] [crc_driver]: LANE_GRACE: odom distance=1.35 m
[driver-1] [INFO] [1790895968.726949483] [crc_driver]: FOLLOW: odom distance=1.35 m
[driver-1] [INFO] [1790895969.466327784] [crc_driver]: LANE_GRACE: odom distance=1.39 m
[driver-1] [INFO] [1790895969.619392002] [crc_driver]: FOLLOW: odom distance=1.40 m
[driver-1] [INFO] [1790896009.164080128] [crc_driver]: CROSSING_WAIT: odom distance=4.67 m
[driver-1] [INFO] [1790896022.099815662] [crc_driver]: FOLLOW: odom distance=4.68 m
[driver-1] [INFO] [1790896143.778454048] [crc_driver]: STOP_HOLD: odom distance=13.34 m
[driver-1] [INFO] [1790896146.644546001] [crc_driver]: FOLLOW: odom distance=13.35 m
[driver-1] [INFO] [1790896154.315776077] [crc_driver]: LANE_GRACE: odom distance=13.75 m
[driver-1] [INFO] [1790896154.710845758] [crc_driver]: FOLLOW: odom distance=13.76 m
[driver-1] [INFO] [1790896154.820905498] [crc_driver]: LANE_GRACE: odom distance=13.77 m
[driver-1] [INFO] [1790896154.958250511] [crc_driver]: FOLLOW: odom distance=13.77 m
[driver-1] [INFO] [1790896155.213699271] [crc_driver]: LANE_GRACE: odom distance=13.78 m
[driver-1] [INFO] [1790896156.008658624] [crc_driver]: FOLLOW: odom distance=13.80 m
[driver-1] [INFO] [1790896156.165228546] [crc_driver]: LANE_GRACE: odom distance=13.81 m
[driver-1] [INFO] [1790896156.311277300] [crc_driver]: FOLLOW: odom distance=13.81 m
[driver-1] [INFO] [1790896156.408719800] [crc_driver]: LANE_GRACE: odom distance=13.82 m
[driver-1] [INFO] [1790896156.564553296] [crc_driver]: FOLLOW: odom distance=13.82 m
[driver-1] [INFO] [1790896157.116815405] [crc_driver]: LANE_GRACE: odom distance=13.84 m
[driver-1] [INFO] [1790896157.257521872] [crc_driver]: FOLLOW: odom distance=13.84 m
[driver-1] [INFO] [1790896157.359905436] [crc_driver]: LANE_GRACE: odom distance=13.84 m
[driver-1] [INFO] [1790896158.165419646] [crc_driver]: FOLLOW: odom distance=13.87 m
[driver-1] [INFO] [1790896158.460177914] [crc_driver]: LANE_GRACE: odom distance=13.88 m
[driver-1] [INFO] [1790896158.822885733] [crc_driver]: FOLLOW: odom distance=13.89 m
[driver-1] [INFO] [1790896159.084241967] [crc_driver]: LANE_GRACE: odom distance=13.89 m
[driver-1] [INFO] [1790896159.212363428] [crc_driver]: FOLLOW: odom distance=13.90 m
[driver-1] [INFO] [1790896159.370199956] [crc_driver]: LANE_GRACE: odom distance=13.90 m
[driver-1] [INFO] [1790896159.471231544] [crc_driver]: FOLLOW: odom distance=13.90 m
[driver-1] [INFO] [1790896159.836189622] [crc_driver]: LANE_GRACE: odom distance=13.91 m
[driver-1] [INFO] [1790896160.661750061] [crc_driver]: FOLLOW: odom distance=13.93 m
[driver-1] [INFO] [1790896160.912741777] [crc_driver]: LANE_GRACE: odom distance=13.94 m
[driver-1] [INFO] [1790896161.073310926] [crc_driver]: FOLLOW: odom distance=13.94 m
[driver-1] [INFO] [1790896161.216771554] [crc_driver]: LANE_GRACE: odom distance=13.95 m
[driver-1] [INFO] [1790896161.459797655] [crc_driver]: FOLLOW: odom distance=13.95 m
[driver-1] [INFO] [1790896161.568446643] [crc_driver]: LANE_GRACE: odom distance=13.96 m
[driver-1] [INFO] [1790896161.717813929] [crc_driver]: FOLLOW: odom distance=13.96 m
[driver-1] [INFO] [1790896161.865914727] [crc_driver]: LANE_GRACE: odom distance=13.97 m
[driver-1] [INFO] [1790896162.063374725] [crc_driver]: FOLLOW: odom distance=13.97 m
[driver-1] [INFO] [1790896162.463033595] [crc_driver]: LANE_GRACE: odom distance=13.99 m
[driver-1] [INFO] [1790896162.570510843] [crc_driver]: FOLLOW: odom distance=13.99 m
[driver-1] [INFO] [1790896162.717045350] [crc_driver]: LANE_GRACE: odom distance=14.00 m
[driver-1] [INFO] [1790896162.867386932] [crc_driver]: FOLLOW: odom distance=14.00 m
[driver-1] [INFO] [1790896163.619303184] [crc_driver]: LANE_GRACE: odom distance=14.03 m
[driver-1] [INFO] [1790896164.123506433] [crc_driver]: FOLLOW: odom distance=14.04 m
[driver-1] [INFO] [1790896171.868772591] [crc_driver]: LANE_GRACE: odom distance=14.37 m
[driver-1] [INFO] [1790896173.277189654] [crc_driver]: FOLLOW: odom distance=14.42 m
[driver-1] [INFO] [1790896173.511378375] [crc_driver]: LANE_GRACE: odom distance=14.42 m
[driver-1] [INFO] [1790896173.618170460] [crc_driver]: FOLLOW: odom distance=14.43 m
[driver-1] [INFO] [1790896174.076929506] [crc_driver]: LANE_GRACE: odom distance=14.45 m
[driver-1] [INFO] [1790896174.219609663] [crc_driver]: FOLLOW: odom distance=14.46 m
[driver-1] [INFO] [1790896174.472591504] [crc_driver]: LANE_GRACE: odom distance=14.47 m
[driver-1] [INFO] [1790896174.617716490] [crc_driver]: FOLLOW: odom distance=14.48 m
[driver-1] [INFO] [1790896175.531173916] [crc_driver]: LANE_GRACE: odom distance=14.52 m
[driver-1] [INFO] [1790896175.673289431] [crc_driver]: FOLLOW: odom distance=14.52 m
[driver-1] [INFO] [1790896175.779713779] [crc_driver]: LANE_GRACE: odom distance=14.53 m
[driver-1] [INFO] [1790896176.865179411] [crc_driver]: FOLLOW: odom distance=14.56 m
[driver-1] [INFO] [1790896176.971720371] [crc_driver]: LANE_GRACE: odom distance=14.56 m
[driver-1] [INFO] [1790896177.214738172] [crc_driver]: FOLLOW: odom distance=14.57 m
[driver-1] [INFO] [1790896177.564485739] [crc_driver]: LANE_GRACE: odom distance=14.58 m
[driver-1] [INFO] [1790896177.716539065] [crc_driver]: FOLLOW: odom distance=14.59 m
[driver-1] [INFO] [1790896177.866164368] [crc_driver]: LANE_GRACE: odom distance=14.59 m
[driver-1] [INFO] [1790896178.071164378] [crc_driver]: FOLLOW: odom distance=14.60 m
[driver-1] [INFO] [1790896178.215426848] [crc_driver]: LANE_GRACE: odom distance=14.60 m
[driver-1] [INFO] [1790896178.362109618] [crc_driver]: FOLLOW: odom distance=14.61 m
[driver-1] [INFO] [1790896182.374074614] [crc_driver]: LANE_GRACE: odom distance=14.74 m
[driver-1] [INFO] [1790896182.559090176] [crc_driver]: FOLLOW: odom distance=14.75 m
[driver-1] [INFO] [1790896214.912922910] [crc_driver]: LANE_GRACE: odom distance=16.53 m
[driver-1] [INFO] [1790896215.263185250] [crc_driver]: FOLLOW: odom distance=16.55 m
[driver-1] [INFO] [1790896215.409059855] [crc_driver]: LANE_GRACE: odom distance=16.55 m
[driver-1] [INFO] [1790896216.018138563] [crc_driver]: FOLLOW: odom distance=16.57 m
[driver-1] [INFO] [1790896217.210976685] [crc_driver]: LANE_GRACE: odom distance=16.62 m
[driver-1] [INFO] [1790896217.528370122] [crc_driver]: FOLLOW: odom distance=16.63 m
[driver-1] [INFO] [1790896224.371177757] [crc_driver]: LANE_GRACE: odom distance=16.85 m
[driver-1] [INFO] [1790896224.912972121] [crc_driver]: FOLLOW: odom distance=16.87 m
[driver-1] [INFO] [1790896225.108348576] [crc_driver]: LANE_GRACE: odom distance=16.87 m
[driver-1] [INFO] [1790896225.275186502] [crc_driver]: FOLLOW: odom distance=16.88 m
[driver-1] [INFO] [1790896225.418017573] [crc_driver]: LANE_GRACE: odom distance=16.88 m
[driver-1] [INFO] [1790896225.675542329] [crc_driver]: FOLLOW: odom distance=16.89 m
[driver-1] [INFO] [1790896226.113952639] [crc_driver]: LANE_GRACE: odom distance=16.90 m
[driver-1] [INFO] [1790896226.225339236] [crc_driver]: FOLLOW: odom distance=16.91 m
[driver-1] [INFO] [1790896226.361814016] [crc_driver]: LANE_GRACE: odom distance=16.91 m
[driver-1] [INFO] [1790896226.473006058] [crc_driver]: FOLLOW: odom distance=16.92 m
[driver-1] [INFO] [1790896226.723137777] [crc_driver]: LANE_GRACE: odom distance=16.93 m
[driver-1] [INFO] [1790896227.121253739] [crc_driver]: FOLLOW: odom distance=16.94 m
[driver-1] [INFO] [1790896229.475558765] [crc_driver]: LANE_GRACE: odom distance=17.04 m
[driver-1] [INFO] [1790896230.013919993] [crc_driver]: FOLLOW: odom distance=17.06 m
[driver-1] [INFO] [1790896230.113321189] [crc_driver]: LANE_GRACE: odom distance=17.06 m
[driver-1] [INFO] [1790896230.210587063] [crc_driver]: FOLLOW: odom distance=17.06 m
[driver-1] [INFO] [1790896230.325954235] [crc_driver]: LANE_GRACE: odom distance=17.06 m
[driver-1] [INFO] [1790896230.715181460] [crc_driver]: FOLLOW: odom distance=17.08 m
[driver-1] [INFO] [1790896233.321798285] [crc_driver]: LANE_GRACE: odom distance=17.13 m
[driver-1] [INFO] [1790896233.917273187] [crc_driver]: FOLLOW: odom distance=17.15 m
[driver-1] [INFO] [1790896234.360075248] [crc_driver]: LANE_GRACE: odom distance=17.16 m
[driver-1] [INFO] [1790896234.469297410] [crc_driver]: FOLLOW: odom distance=17.16 m
[driver-1] [INFO] [1790896234.762404636] [crc_driver]: LANE_GRACE: odom distance=17.17 m
[driver-1] [INFO] [1790896234.863211102] [crc_driver]: FOLLOW: odom distance=17.17 m
[driver-1] [INFO] [1790896235.218764157] [crc_driver]: LANE_GRACE: odom distance=17.18 m
[driver-1] [INFO] [1790896235.325976343] [crc_driver]: FOLLOW: odom distance=17.18 m
[driver-1] [INFO] [1790896255.319738632] [crc_driver]: LANE_GRACE: odom distance=18.28 m
[driver-1] [INFO] [1790896256.422968879] [crc_driver]: FOLLOW: odom distance=18.32 m
[driver-1] [INFO] [1790896261.768416483] [crc_driver]: LANE_GRACE: odom distance=18.59 m
[driver-1] [INFO] [1790896261.911310425] [crc_driver]: FOLLOW: odom distance=18.60 m
[driver-1] [INFO] [1790896262.824567747] [crc_driver]: LANE_GRACE: odom distance=18.64 m
[driver-1] [INFO] [1790896262.957296951] [crc_driver]: FOLLOW: odom distance=18.64 m
[driver-1] [INFO] [1790896265.115849959] [crc_driver]: LANE_GRACE: odom distance=18.72 m
[driver-1] [INFO] [1790896265.269465884] [crc_driver]: FOLLOW: odom distance=18.72 m
[driver-1] [INFO] [1790896265.766658374] [crc_driver]: LANE_GRACE: odom distance=18.74 m
[driver-1] [INFO] [1790896265.921338874] [crc_driver]: FOLLOW: odom distance=18.74 m
[driver-1] [INFO] [1790896266.071062459] [crc_driver]: LANE_GRACE: odom distance=18.74 m
[driver-1] [INFO] [1790896266.328549550] [crc_driver]: FOLLOW: odom distance=18.75 m
[driver-1] [INFO] [1790896266.465679344] [crc_driver]: LANE_GRACE: odom distance=18.75 m
[driver-1] [INFO] [1790896266.573997466] [crc_driver]: FOLLOW: odom distance=18.76 m
[driver-1] [INFO] [1790896267.313923452] [crc_driver]: LANE_GRACE: odom distance=18.77 m
[driver-1] [INFO] [1790896269.023356798] [crc_driver]: FOLLOW: odom distance=18.82 m
[driver-1] [INFO] [1790896269.167990963] [crc_driver]: LANE_GRACE: odom distance=18.83 m
[driver-1] [INFO] [1790896270.416153025] [crc_driver]: FOLLOW: odom distance=18.87 m
[driver-1] [INFO] [1790896270.568470229] [crc_driver]: LANE_GRACE: odom distance=18.87 m
[driver-1] [INFO] [1790896270.708359148] [crc_driver]: FOLLOW: odom distance=18.87 m
[driver-1] [INFO] [1790896270.812857647] [crc_driver]: LANE_GRACE: odom distance=18.87 m
[driver-1] [INFO] [1790896271.564005256] [crc_driver]: FOLLOW: odom distance=18.90 m
[driver-1] [INFO] [1790896271.663768598] [crc_driver]: LANE_GRACE: odom distance=18.90 m
[driver-1] [INFO] [1790896272.239636330] [crc_driver]: FOLLOW: odom distance=18.92 m
[driver-1] [INFO] [1790896272.391663263] [crc_driver]: LANE_GRACE: odom distance=18.92 m
[driver-1] [INFO] [1790896272.850127908] [crc_driver]: FOLLOW: odom distance=18.93 m
[driver-1] [INFO] [1790896272.949666696] [crc_driver]: LANE_GRACE: odom distance=18.93 m
[driver-1] [INFO] [1790896273.256734934] [crc_driver]: FOLLOW: odom distance=18.94 m
[driver-1] [INFO] [1790896273.502846547] [crc_driver]: LANE_GRACE: odom distance=18.94 m
[driver-1] [INFO] [1790896273.872102890] [crc_driver]: FOLLOW: odom distance=18.95 m
[driver-1] [INFO] [1790896273.971292373] [crc_driver]: LANE_GRACE: odom distance=18.95 m
[driver-1] [INFO] [1790896274.441726412] [crc_driver]: FOLLOW: odom distance=18.97 m
[driver-1] [INFO] [1790896275.368923583] [crc_driver]: LANE_GRACE: odom distance=18.98 m
[driver-1] [INFO] [1790896275.867439477] [crc_driver]: FOLLOW: odom distance=18.99 m
[driver-1] [INFO] [1790896276.007807340] [crc_driver]: LANE_GRACE: odom distance=19.00 m
[driver-1] [INFO] [1790896276.496666216] [crc_driver]: FOLLOW: odom distance=19.00 m
[driver-1] [INFO] [1790896277.407116279] [crc_driver]: LANE_GRACE: odom distance=19.01 m
[driver-1] [INFO] [1790896277.517496984] [crc_driver]: FOLLOW: odom distance=19.01 m
[driver-1] [INFO] [1790896277.762654244] [crc_driver]: LANE_GRACE: odom distance=19.01 m
[driver-1] [INFO] [1790896277.911960501] [crc_driver]: FOLLOW: odom distance=19.02 m
[driver-1] [INFO] [1790896278.012209832] [crc_driver]: LANE_GRACE: odom distance=19.02 m
[driver-1] [INFO] [1790896278.310234012] [crc_driver]: FOLLOW: odom distance=19.02 m
[driver-1] [INFO] [1790896278.814802536] [crc_driver]: LANE_GRACE: odom distance=19.03 m
[driver-1] [INFO] [1790896278.963900538] [crc_driver]: FOLLOW: odom distance=19.03 m
[driver-1] [INFO] [1790896279.460932592] [crc_driver]: LANE_GRACE: odom distance=19.04 m
[driver-1] [INFO] [1790896279.622104928] [crc_driver]: FOLLOW: odom distance=19.04 m
[driver-1] [INFO] [1790896279.868513170] [crc_driver]: LANE_GRACE: odom distance=19.04 m
[driver-1] [INFO] [1790896280.118186273] [crc_driver]: FOLLOW: odom distance=19.05 m
[driver-1] [INFO] [1790896282.859362979] [crc_driver]: LANE_GRACE: odom distance=19.07 m
[driver-1] [INFO] [1790896287.907601446] [crc_driver]: LANE_LOST: odom distance=19.23 m
