[INFO] [launch]: All log files can be found below /root/.ros/log/2026-10-01-13-07-47-436362-ubuntu-208
[INFO] [launch]: Default logging verbosity is set to INFO
[INFO] [driver-1]: process started with pid [222]
[driver-1] [INFO] [1790860068.406750836] [crc_driver]: Evidence: /tmp/crc_results/20261001T130748_381014Z
[driver-1] [INFO] [1790860068.453008685] [crc_driver]: FOLLOW: odom distance=0.00 m
[driver-1] [INFO] [1790860081.799071678] [crc_driver]: STOP_HOLD: odom distance=0.85 m
[driver-1] [INFO] [1790860084.233852544] [crc_driver]: FOLLOW: odom distance=0.85 m
[driver-1] [INFO] [1790860093.896180609] [crc_driver]: LANE_GRACE: odom distance=1.34 m
[driver-1] [INFO] [1790860094.000127841] [crc_driver]: FOLLOW: odom distance=1.34 m
[driver-1] [INFO] [1790860122.650002821] [crc_driver]: LIGHT_WAIT: odom distance=3.08 m
[driver-1] [INFO] [1790860123.001433214] [crc_driver]: FOLLOW: odom distance=3.09 m
[driver-1] [INFO] [1790860150.904393032] [crc_driver]: OBSTACLE_WAIT: odom distance=5.42 m
[driver-1] [INFO] [1790860151.801188973] [crc_driver]: CROSSING_WAIT: odom distance=5.43 m
[driver-1] [INFO] [1790860155.185832908] [crc_driver]: FOLLOW: odom distance=5.43 m
[driver-1] [INFO] [1790860223.998832784] [crc_driver]: LANE_GRACE: odom distance=10.14 m
[driver-1] [INFO] [1790860224.258090795] [crc_driver]: FOLLOW: odom distance=10.15 m
[driver-1] [INFO] [1790860280.699248060] [crc_driver]: STOP_HOLD: odom distance=13.35 m
[driver-1] [INFO] [1790860283.150111245] [crc_driver]: FOLLOW: odom distance=13.35 m
[driver-1] [INFO] [1790860292.300400328] [crc_driver]: LANE_GRACE: odom distance=13.75 m
[driver-1] [INFO] [1790860292.401067232] [crc_driver]: FOLLOW: odom distance=13.75 m
[driver-1] [INFO] [1790860292.553281344] [crc_driver]: LANE_GRACE: odom distance=13.76 m
[driver-1] [INFO] [1790860292.696087922] [crc_driver]: FOLLOW: odom distance=13.76 m
[driver-1] [INFO] [1790860293.546314876] [crc_driver]: LANE_GRACE: odom distance=13.78 m
[driver-1] [INFO] [1790860293.795328299] [crc_driver]: FOLLOW: odom distance=13.79 m
[driver-1] [INFO] [1790860293.949165795] [crc_driver]: LANE_GRACE: odom distance=13.79 m
[driver-1] [INFO] [1790860294.903727952] [crc_driver]: FOLLOW: odom distance=13.83 m
[driver-1] [INFO] [1790860295.345807543] [crc_driver]: LANE_GRACE: odom distance=13.84 m
[driver-1] [INFO] [1790860295.648282769] [crc_driver]: FOLLOW: odom distance=13.85 m
[driver-1] [INFO] [1790860296.295296103] [crc_driver]: LANE_GRACE: odom distance=13.87 m
[driver-1] [INFO] [1790860296.752199221] [crc_driver]: FOLLOW: odom distance=13.88 m
[driver-1] [INFO] [1790860297.001741496] [crc_driver]: LANE_GRACE: odom distance=13.89 m
[driver-1] [INFO] [1790860297.098176551] [crc_driver]: FOLLOW: odom distance=13.89 m
[driver-1] [INFO] [1790860297.244733259] [crc_driver]: LANE_GRACE: odom distance=13.90 m
[driver-1] [INFO] [1790860298.199454618] [crc_driver]: FOLLOW: odom distance=13.93 m
[driver-1] [INFO] [1790860298.449443597] [crc_driver]: LANE_GRACE: odom distance=13.94 m
[driver-1] [INFO] [1790860298.845503974] [crc_driver]: FOLLOW: odom distance=13.96 m
[driver-1] [INFO] [1790860298.957730127] [crc_driver]: LANE_GRACE: odom distance=13.96 m
[driver-1] [INFO] [1790860299.199470180] [crc_driver]: FOLLOW: odom distance=13.97 m
[driver-1] [INFO] [1790860299.444962756] [crc_driver]: LANE_GRACE: odom distance=13.98 m
[driver-1] [INFO] [1790860299.543287770] [crc_driver]: FOLLOW: odom distance=13.98 m
[driver-1] [INFO] [1790860299.993815630] [crc_driver]: LANE_GRACE: odom distance=14.00 m
[driver-1] [INFO] [1790860300.343677053] [crc_driver]: FOLLOW: odom distance=14.02 m
[driver-1] [INFO] [1790860312.093871707] [crc_driver]: LANE_GRACE: odom distance=14.64 m
[driver-1] [INFO] [1790860312.347318782] [crc_driver]: FOLLOW: odom distance=14.64 m
[driver-1] [INFO] [1790860313.395601156] [crc_driver]: LANE_GRACE: odom distance=14.68 m
[driver-1] [INFO] [1790860313.742987036] [crc_driver]: FOLLOW: odom distance=14.69 m
[driver-1] [INFO] [1790860313.993239666] [crc_driver]: LANE_GRACE: odom distance=14.70 m
[driver-1] [INFO] [1790860314.148058900] [crc_driver]: FOLLOW: odom distance=14.70 m
[driver-1] [INFO] [1790860314.248164604] [crc_driver]: LANE_GRACE: odom distance=14.71 m
[driver-1] [INFO] [1790860314.392705643] [crc_driver]: FOLLOW: odom distance=14.71 m
[driver-1] [INFO] [1790860315.048250679] [crc_driver]: LANE_GRACE: odom distance=14.73 m
[driver-1] [INFO] [1790860315.198324765] [crc_driver]: FOLLOW: odom distance=14.73 m
[driver-1] [INFO] [1790860315.496782619] [crc_driver]: LANE_GRACE: odom distance=14.75 m
[driver-1] [INFO] [1790860315.751820611] [crc_driver]: FOLLOW: odom distance=14.75 m
[driver-1] [INFO] [1790860315.892756556] [crc_driver]: LANE_GRACE: odom distance=14.76 m
[driver-1] [INFO] [1790860315.993607377] [crc_driver]: FOLLOW: odom distance=14.76 m
[driver-1] [INFO] [1790860316.093325094] [crc_driver]: LANE_GRACE: odom distance=14.77 m
[driver-1] [INFO] [1790860316.493370373] [crc_driver]: FOLLOW: odom distance=14.78 m
[driver-1] [INFO] [1790860316.795174841] [crc_driver]: LANE_GRACE: odom distance=14.78 m
[driver-1] [INFO] [1790860316.904393577] [crc_driver]: FOLLOW: odom distance=14.79 m
[driver-1] [INFO] [1790860317.192853063] [crc_driver]: LANE_GRACE: odom distance=14.79 m
[driver-1] [INFO] [1790860317.692810658] [crc_driver]: FOLLOW: odom distance=14.81 m
[driver-1] [INFO] [1790860317.793742466] [crc_driver]: LANE_GRACE: odom distance=14.81 m
[driver-1] [INFO] [1790860317.943765620] [crc_driver]: FOLLOW: odom distance=14.82 m
[driver-1] [INFO] [1790860318.043711660] [crc_driver]: LANE_GRACE: odom distance=14.82 m
[driver-1] [INFO] [1790860318.193697488] [crc_driver]: FOLLOW: odom distance=14.82 m
[driver-1] [INFO] [1790860318.292701187] [crc_driver]: LANE_GRACE: odom distance=14.83 m
[driver-1] [INFO] [1790860318.447360245] [crc_driver]: FOLLOW: odom distance=14.83 m
[driver-1] [INFO] [1790860324.553848053] [crc_driver]: LANE_GRACE: odom distance=14.94 m
[driver-1] [INFO] [1790860324.945322572] [crc_driver]: FOLLOW: odom distance=14.96 m
[driver-1] [INFO] [1790860326.593793621] [crc_driver]: LANE_GRACE: odom distance=14.98 m
[driver-1] [INFO] [1790860326.893712376] [crc_driver]: FOLLOW: odom distance=14.99 m
[driver-1] [INFO] [1790860326.994616989] [crc_driver]: LANE_GRACE: odom distance=14.99 m
[driver-1] [INFO] [1790860327.096983524] [crc_driver]: FOLLOW: odom distance=14.99 m
[driver-1] [INFO] [1790860327.243495251] [crc_driver]: LANE_GRACE: odom distance=15.00 m
[driver-1] [INFO] [1790860327.644377271] [crc_driver]: FOLLOW: odom distance=15.01 m
[driver-1] [INFO] [1790860327.892854892] [crc_driver]: LANE_GRACE: odom distance=15.01 m
[driver-1] [INFO] [1790860328.342663376] [crc_driver]: FOLLOW: odom distance=15.03 m
[driver-1] [INFO] [1790860328.442815655] [crc_driver]: LANE_GRACE: odom distance=15.03 m
[driver-1] [INFO] [1790860328.744042136] [crc_driver]: FOLLOW: odom distance=15.04 m
[driver-1] [INFO] [1790860328.843717279] [crc_driver]: LANE_GRACE: odom distance=15.05 m
[driver-1] [INFO] [1790860328.996627041] [crc_driver]: FOLLOW: odom distance=15.05 m
[driver-1] [INFO] [1790860329.146082956] [crc_driver]: LANE_GRACE: odom distance=15.05 m
[driver-1] [INFO] [1790860330.197190510] [crc_driver]: FOLLOW: odom distance=15.09 m
[driver-1] [INFO] [1790860330.316929665] [crc_driver]: LANE_GRACE: odom distance=15.09 m
[driver-1] [INFO] [1790860330.560696023] [crc_driver]: FOLLOW: odom distance=15.10 m
[driver-1] [INFO] [1790860330.852944284] [crc_driver]: LANE_GRACE: odom distance=15.11 m
[driver-1] [INFO] [1790860330.948876162] [crc_driver]: FOLLOW: odom distance=15.11 m
[driver-1] [INFO] [1790860331.093292319] [crc_driver]: LANE_GRACE: odom distance=15.11 m
[driver-1] [INFO] [1790860333.995826240] [crc_driver]: FOLLOW: odom distance=15.21 m
[driver-1] [INFO] [1790860334.143607873] [crc_driver]: LANE_GRACE: odom distance=15.22 m
[driver-1] [INFO] [1790860335.745003707] [crc_driver]: FOLLOW: odom distance=15.27 m
[driver-1] [INFO] [1790860336.143813197] [crc_driver]: LANE_GRACE: odom distance=15.28 m
[driver-1] [INFO] [1790860336.393325871] [crc_driver]: FOLLOW: odom distance=15.28 m
[driver-1] [INFO] [1790860336.642169919] [crc_driver]: LANE_GRACE: odom distance=15.29 m
[driver-1] [INFO] [1790860336.801340131] [crc_driver]: FOLLOW: odom distance=15.29 m
[driver-1] [INFO] [1790860337.095233306] [crc_driver]: LANE_GRACE: odom distance=15.30 m
[driver-1] [INFO] [1790860337.345040151] [crc_driver]: FOLLOW: odom distance=15.31 m
[driver-1] [INFO] [1790860337.599117770] [crc_driver]: LANE_GRACE: odom distance=15.31 m
[driver-1] [INFO] [1790860338.393000982] [crc_driver]: FOLLOW: odom distance=15.34 m
[driver-1] [INFO] [1790860338.641394419] [crc_driver]: LANE_GRACE: odom distance=15.34 m
[driver-1] [INFO] [1790860342.843281803] [crc_driver]: LANE_LOST: odom distance=15.49 m
