[INFO] [launch]: All log files can be found below /root/.ros/log/2026-10-01-05-35-31-270787-ubuntu-1
[INFO] [launch]: Default logging verbosity is set to INFO
[INFO] [gzserver-1]: process started with pid [70]
[INFO] [robot_state_publisher-2]: process started with pid [72]
[INFO] [spawn_entity.py-3]: process started with pid [74]
[INFO] [traffic_light-4]: process started with pid [76]
[INFO] [pedestrian-5]: process started with pid [78]
[robot_state_publisher-2] [INFO] [1790832932.014274010] [robot_state_publisher]: got segment base_footprint
[robot_state_publisher-2] [INFO] [1790832932.014578963] [robot_state_publisher]: got segment base_link
[robot_state_publisher-2] [INFO] [1790832932.014616965] [robot_state_publisher]: got segment base_scan
[robot_state_publisher-2] [INFO] [1790832932.014628981] [robot_state_publisher]: got segment camera_link
[robot_state_publisher-2] [INFO] [1790832932.014640159] [robot_state_publisher]: got segment camera_rgb_frame
[robot_state_publisher-2] [INFO] [1790832932.014650835] [robot_state_publisher]: got segment camera_rgb_optical_frame
[robot_state_publisher-2] [INFO] [1790832932.014661336] [robot_state_publisher]: got segment caster_back_left_link
[robot_state_publisher-2] [INFO] [1790832932.014671735] [robot_state_publisher]: got segment caster_back_right_link
[robot_state_publisher-2] [INFO] [1790832932.014681607] [robot_state_publisher]: got segment imu_link
[robot_state_publisher-2] [INFO] [1790832932.014690900] [robot_state_publisher]: got segment wheel_left_link
[robot_state_publisher-2] [INFO] [1790832932.014701187] [robot_state_publisher]: got segment wheel_right_link
[gzserver-1] Gazebo multi-robot simulator, version 11.10.2
[gzserver-1] Copyright (C) 2012 Open Source Robotics Foundation.
[gzserver-1] Released under the Apache 2 License.
[gzserver-1] http://gazebosim.org
[gzserver-1] 
[gzserver-1] [1;33m[Wrn] [gazebo_ros_init.cpp:178] [0m[1;33m
[gzserver-1] #     # ####### ####### ###  #####  #######
[gzserver-1] ##    # #     #    #     #  #     # #
[gzserver-1] # #   # #     #    #     #  #       #
[gzserver-1] #  #  # #     #    #     #  #       #####
[gzserver-1] #   # # #     #    #     #  #       #
[gzserver-1] #    ## #     #    #     #  #     # #
[gzserver-1] #     # #######    #    ###  #####  #######
[gzserver-1] 
[gzserver-1] This version of Gazebo, now called Gazebo classic, reaches end-of-life
[gzserver-1] in January 2025. Users are highly encouraged to migrate to the new Gazebo
[gzserver-1] using our migration guides (https://gazebosim.org/docs/latest/gazebo_classic_migration?utm_source=gazebo_ros_pkgs&utm_medium=cli)
[gzserver-1] 
[gzserver-1] [0m[1;33m
[spawn_entity.py-3] [INFO] [1790832932.663472507] [spawn_waffle]: Spawn Entity started
[spawn_entity.py-3] [INFO] [1790832932.664262230] [spawn_waffle]: Loading entity published on topic robot_description
[spawn_entity.py-3] [INFO] [1790832932.667669990] [spawn_waffle]: Waiting for entity xml on robot_description
[spawn_entity.py-3] [INFO] [1790832932.679833502] [spawn_waffle]: Waiting for service /spawn_entity, timeout = 30
[spawn_entity.py-3] [INFO] [1790832932.680406083] [spawn_waffle]: Waiting for service /spawn_entity
[gzserver-1] [0m[1;33m[0m[1;33m[0mALSA lib confmisc.c:855:(parse_card) cannot find card '0'
[gzserver-1] ALSA lib conf.c:5182:(_snd_config_evaluate) function snd_func_card_inum returned error: No such file or directory
[gzserver-1] ALSA lib confmisc.c:422:(snd_func_concat) error evaluating strings
[gzserver-1] ALSA lib conf.c:5182:(_snd_config_evaluate) function snd_func_concat returned error: No such file or directory
[gzserver-1] ALSA lib confmisc.c:1334:(snd_func_refer) error evaluating name
[gzserver-1] ALSA lib conf.c:5182:(_snd_config_evaluate) function snd_func_refer returned error: No such file or directory
[gzserver-1] ALSA lib conf.c:5705:(snd_config_expand) Evaluate error: No such file or directory
[gzserver-1] ALSA lib pcm.c:2664:(snd_pcm_open_noupdate) Unknown PCM default
[gzserver-1] AL lib: (EE) ALCplaybackAlsa_open: Could not open playback device 'default': No such file or directory
[gzserver-1] [1;31m[Err] [OpenAL.cc:84] [0m[1;31mUnable to open audio device[[0m[1;31mdefault[0m[1;31m]
[gzserver-1]  Audio will be disabled.
[gzserver-1] [1;32m[Msg] [0m[1;32mWaiting for master.[0m[1;32m
[gzserver-1] [0m[1;32m[0m[1;32m[0m[1;32m[Msg] [0m[1;32mConnected to gazebo master @ [0m[1;32mhttp://127.0.0.1:11345[0m[1;32m
[gzserver-1] [0m[1;32m[0m[1;32m[0m[1;32m[Msg] [0m[1;32mPublicized address: [0m[1;32m192.168.150.128[0m[1;32m
[gzserver-1] [0m[1;32m[0m[1;32m[0m[1;32m[Msg] [0m[1;32mLoading world file [[0m[1;32m/tmp/crc_track.world[0m[1;32m][0m[1;32m
[gzserver-1] [0m[INFO] [1790832933.293426149] [gazebo_ros_state]: Publishing states of gazebo models at [/model_states]
[gzserver-1] [INFO] [1790832933.295412969] [gazebo_ros_state]: Publishing states of gazebo links at [/link_states]
[pedestrian-5] [INFO] [1790832933.429368072] [pedestrian]: crossing at x=0.96 between y=-1.95 and y=-1.05, 6.4 s per crossing, 15 s at each kerb
[spawn_entity.py-3] [INFO] [1790832933.439860689] [spawn_waffle]: Calling service /spawn_entity
[traffic_light-4] [INFO] [1790832933.465968249] [traffic_light]: tl_j44_w: yaw=-3.142, lamp positions resolved
[traffic_light-4] [INFO] [1790832933.470362517] [traffic_light]: 1 lights (tl_j44_w) | backend=state | cfg=/ws_build/install/crc_sim/share/crc_sim/config/traffic_lights.yaml
[traffic_light-4] [INFO] [1790832933.534496871] [traffic_light]: tl_j44_w -> RED
[gzserver-1] [1;33m[Wrn] [Event.cc:61] [0m[1;33mWarning: Deleting a connection right after creation. [0m[1;33mMake sure to save the ConnectionPtr from a Connect call
[gzserver-1] [0m[INFO] [1790832934.207593201] [crc_camera_plugin]: Publishing camera info to [/camera/camera_info]
[spawn_entity.py-3] [INFO] [1790832934.312705530] [spawn_waffle]: Spawn status: SpawnEntity: Successfully spawned entity [waffle]
[INFO] [spawn_entity.py-3]: process has finished cleanly [pid 74]
[gzserver-1] [INFO] [1790832935.140420409] [crc_diff_drive]: Wheel pair 1 separation set to [0.287000m]
[gzserver-1] [INFO] [1790832935.140558261] [crc_diff_drive]: Wheel pair 1 diameter set to [0.066000m]
[gzserver-1] [INFO] [1790832935.142186551] [crc_diff_drive]: Subscribed to [/cmd_vel]
[gzserver-1] [INFO] [1790832935.145609039] [crc_diff_drive]: Advertise odometry on [/odom]
[gzserver-1] [INFO] [1790832935.152928081] [crc_diff_drive]: Publishing odom transforms between [odom] and [base_footprint]
[gzserver-1] [INFO] [1790832935.169199030] [crc_joint_states]: Going to publish joint [wheel_left_joint]
[gzserver-1] [INFO] [1790832935.169281808] [crc_joint_states]: Going to publish joint [wheel_right_joint]
[traffic_light-4] [INFO] [1790832940.172233055] [traffic_light]: tl_j44_w -> GREEN
[gzserver-1] [1;33m[Wrn] [Publisher.cc:135] [0m[1;33mQueue limit reached for topic [0m[1;33m/gazebo/crc_track/pose/local/info[0m[1;33m, deleting message. [0m[1;33mThis warning is printed only once.[0m[1;33m
[traffic_light-4] [INFO] [1790832946.415366094] [traffic_light]: tl_j44_w -> YELLOW
[traffic_light-4] [INFO] [1790832948.998768392] [traffic_light]: tl_j44_w -> RED
[traffic_light-4] [INFO] [1790832957.792320470] [traffic_light]: tl_j44_w -> GREEN
[traffic_light-4] [INFO] [1790832966.536358109] [traffic_light]: tl_j44_w -> YELLOW
[traffic_light-4] [INFO] [1790832968.776407068] [traffic_light]: tl_j44_w -> RED
[traffic_light-4] [INFO] [1790832978.154797010] [traffic_light]: tl_j44_w -> GREEN
[traffic_light-4] [INFO] [1790832985.956234214] [traffic_light]: tl_j44_w -> YELLOW
[traffic_light-4] [INFO] [1790832988.207830446] [traffic_light]: tl_j44_w -> RED
[traffic_light-4] [INFO] [1790832998.706238604] [traffic_light]: tl_j44_w -> GREEN
[traffic_light-4] [INFO] [1790833004.918405388] [traffic_light]: tl_j44_w -> YELLOW
[traffic_light-4] [INFO] [1790833007.319485238] [traffic_light]: tl_j44_w -> RED
[traffic_light-4] [INFO] [1790833018.667228347] [traffic_light]: tl_j44_w -> GREEN
[traffic_light-4] [INFO] [1790833024.645313217] [traffic_light]: tl_j44_w -> YELLOW
[traffic_light-4] [INFO] [1790833027.025389463] [traffic_light]: tl_j44_w -> RED
[traffic_light-4] [INFO] [1790833040.611988069] [traffic_light]: tl_j44_w -> GREEN
[traffic_light-4] [INFO] [1790833050.814827415] [traffic_light]: tl_j44_w -> YELLOW
[traffic_light-4] [INFO] [1790833053.106222628] [traffic_light]: tl_j44_w -> RED
[traffic_light-4] [INFO] [1790833061.171778235] [traffic_light]: tl_j44_w -> GREEN
[traffic_light-4] [INFO] [1790833069.859170270] [traffic_light]: tl_j44_w -> YELLOW
[traffic_light-4] [INFO] [1790833072.415923669] [traffic_light]: tl_j44_w -> RED
[traffic_light-4] [INFO] [1790833083.319859673] [traffic_light]: tl_j44_w -> GREEN
[traffic_light-4] [INFO] [1790833090.489451833] [traffic_light]: tl_j44_w -> YELLOW
[traffic_light-4] [INFO] [1790833092.713672390] [traffic_light]: tl_j44_w -> RED
[traffic_light-4] [INFO] [1790833101.806451510] [traffic_light]: tl_j44_w -> GREEN
[traffic_light-4] [INFO] [1790833109.459238806] [traffic_light]: tl_j44_w -> YELLOW
[traffic_light-4] [INFO] [1790833111.615036752] [traffic_light]: tl_j44_w -> RED
[traffic_light-4] [INFO] [1790833124.198881571] [traffic_light]: tl_j44_w -> GREEN
[traffic_light-4] [INFO] [1790833131.084461216] [traffic_light]: tl_j44_w -> YELLOW
[traffic_light-4] [INFO] [1790833133.388441343] [traffic_light]: tl_j44_w -> RED
[traffic_light-4] [INFO] [1790833140.999445009] [traffic_light]: tl_j44_w -> GREEN
[traffic_light-4] [INFO] [1790833149.998032268] [traffic_light]: tl_j44_w -> YELLOW
[traffic_light-4] [INFO] [1790833152.184047776] [traffic_light]: tl_j44_w -> RED
