[INFO] [launch]: All log files can be found below /root/.ros/log/2026-10-01-05-31-42-761016-ubuntu-1
[INFO] [launch]: Default logging verbosity is set to INFO
[INFO] [gzserver-1]: process started with pid [70]
[INFO] [robot_state_publisher-2]: process started with pid [72]
[INFO] [spawn_entity.py-3]: process started with pid [74]
[INFO] [traffic_light-4]: process started with pid [76]
[INFO] [pedestrian-5]: process started with pid [78]
[robot_state_publisher-2] [INFO] [1790832703.529564007] [robot_state_publisher]: got segment base_footprint
[robot_state_publisher-2] [INFO] [1790832703.529757094] [robot_state_publisher]: got segment base_link
[robot_state_publisher-2] [INFO] [1790832703.529770404] [robot_state_publisher]: got segment base_scan
[robot_state_publisher-2] [INFO] [1790832703.529774634] [robot_state_publisher]: got segment camera_link
[robot_state_publisher-2] [INFO] [1790832703.529778386] [robot_state_publisher]: got segment camera_rgb_frame
[robot_state_publisher-2] [INFO] [1790832703.529785887] [robot_state_publisher]: got segment camera_rgb_optical_frame
[robot_state_publisher-2] [INFO] [1790832703.529789816] [robot_state_publisher]: got segment caster_back_left_link
[robot_state_publisher-2] [INFO] [1790832703.529793551] [robot_state_publisher]: got segment caster_back_right_link
[robot_state_publisher-2] [INFO] [1790832703.529797058] [robot_state_publisher]: got segment imu_link
[robot_state_publisher-2] [INFO] [1790832703.529800794] [robot_state_publisher]: got segment wheel_left_link
[robot_state_publisher-2] [INFO] [1790832703.529804466] [robot_state_publisher]: got segment wheel_right_link
[gzserver-1] Gazebo multi-robot simulator, version 11.10.2
[gzserver-1] Copyright (C) 2012 Open Source Robotics Foundation.
[gzserver-1] Released under the Apache 2 License.
[gzserver-1] http://gazebosim.org
[gzserver-1] 
[gzserver-1] [1;33m[Wrn] [gazebo_ros_init.cpp:178] [0m[1;33m
[gzserver-1] #     # ####### ####### ###  #####  #######
[gzserver-1] ##    # #     #    #     #  #     # #
[gzserver-1] # #   # #     #    #     #  #       #
[gzserver-1] #  #  # #     #    #     #  #       #####
[gzserver-1] #   # # #     #    #     #  #       #
[gzserver-1] #    ## #     #    #     #  #     # #
[gzserver-1] #     # #######    #    ###  #####  #######
[gzserver-1] 
[gzserver-1] This version of Gazebo, now called Gazebo classic, reaches end-of-life
[gzserver-1] in January 2025. Users are highly encouraged to migrate to the new Gazebo
[gzserver-1] using our migration guides (https://gazebosim.org/docs/latest/gazebo_classic_migration?utm_source=gazebo_ros_pkgs&utm_medium=cli)
[gzserver-1] 
[gzserver-1] [0m[1;33m
[spawn_entity.py-3] [INFO] [1790832704.643865573] [spawn_waffle]: Spawn Entity started
[spawn_entity.py-3] [INFO] [1790832704.644486321] [spawn_waffle]: Loading entity published on topic robot_description
[spawn_entity.py-3] [INFO] [1790832704.647304346] [spawn_waffle]: Waiting for entity xml on robot_description
[spawn_entity.py-3] [INFO] [1790832704.660130362] [spawn_waffle]: Waiting for service /spawn_entity, timeout = 30
[spawn_entity.py-3] [INFO] [1790832704.660651340] [spawn_waffle]: Waiting for service /spawn_entity
[gzserver-1] [0m[1;33m[0m[1;33m[0mALSA lib confmisc.c:855:(parse_card) cannot find card '0'
[gzserver-1] ALSA lib conf.c:5182:(_snd_config_evaluate) function snd_func_card_inum returned error: No such file or directory
[gzserver-1] ALSA lib confmisc.c:422:(snd_func_concat) error evaluating strings
[gzserver-1] ALSA lib conf.c:5182:(_snd_config_evaluate) function snd_func_concat returned error: No such file or directory
[gzserver-1] ALSA lib confmisc.c:1334:(snd_func_refer) error evaluating name
[gzserver-1] ALSA lib conf.c:5182:(_snd_config_evaluate) function snd_func_refer returned error: No such file or directory
[gzserver-1] ALSA lib conf.c:5705:(snd_config_expand) Evaluate error: No such file or directory
[gzserver-1] ALSA lib pcm.c:2664:(snd_pcm_open_noupdate) Unknown PCM default
[gzserver-1] AL lib: (EE) ALCplaybackAlsa_open: Could not open playback device 'default': No such file or directory
[gzserver-1] [1;31m[Err] [OpenAL.cc:84] [0m[1;31mUnable to open audio device[[0m[1;31mdefault[0m[1;31m]
[gzserver-1]  Audio will be disabled.
[gzserver-1] [1;32m[Msg] [0m[1;32mWaiting for master.[0m[1;32m
[gzserver-1] [0m[1;32m[0m[1;32m[0m[1;32m[Msg] [0m[1;32mConnected to gazebo master @ [0m[1;32mhttp://127.0.0.1:11345[0m[1;32m
[gzserver-1] [0m[1;32m[0m[1;32m[0m[1;32m[Msg] [0m[1;32mPublicized address: [0m[1;32m192.168.150.128[0m[1;32m
[gzserver-1] [0m[1;32m[0m[1;32m[0m[1;32m[Msg] [0m[1;32mLoading world file [[0m[1;32m/tmp/crc_track.world[0m[1;32m][0m[1;32m
[gzserver-1] [0m[INFO] [1790832704.779404622] [gazebo_ros_state]: Publishing states of gazebo models at [/model_states]
[gzserver-1] [INFO] [1790832704.780456012] [gazebo_ros_state]: Publishing states of gazebo links at [/link_states]
[pedestrian-5] [INFO] [1790832704.809153780] [pedestrian]: crossing at x=0.96 between y=-1.95 and y=-1.05, 6.4 s per crossing, 15 s at each kerb
[traffic_light-4] [INFO] [1790832704.819245329] [traffic_light]: tl_j44_w: yaw=-3.142, lamp positions resolved
[traffic_light-4] [INFO] [1790832704.822547518] [traffic_light]: 1 lights (tl_j44_w) | backend=state | cfg=/ws_build/install/crc_sim/share/crc_sim/config/traffic_lights.yaml
[spawn_entity.py-3] [INFO] [1790832704.916331525] [spawn_waffle]: Calling service /spawn_entity
[traffic_light-4] [INFO] [1790832705.019484721] [traffic_light]: tl_j44_w -> RED
[gzserver-1] [1;33m[Wrn] [Event.cc:61] [0m[1;33mWarning: Deleting a connection right after creation. [0m[1;33mMake sure to save the ConnectionPtr from a Connect call
[gzserver-1] [0m[INFO] [1790832705.683174537] [crc_camera_plugin]: Publishing camera info to [/camera/camera_info]
[spawn_entity.py-3] [INFO] [1790832705.831055339] [spawn_waffle]: Spawn status: SpawnEntity: Successfully spawned entity [waffle]
[INFO] [spawn_entity.py-3]: process has finished cleanly [pid 74]
[gzserver-1] [INFO] [1790832706.566737049] [crc_diff_drive]: Wheel pair 1 separation set to [0.287000m]
[gzserver-1] [INFO] [1790832706.566840387] [crc_diff_drive]: Wheel pair 1 diameter set to [0.066000m]
[gzserver-1] [INFO] [1790832706.569175950] [crc_diff_drive]: Subscribed to [/cmd_vel]
[gzserver-1] [INFO] [1790832706.572539465] [crc_diff_drive]: Advertise odometry on [/odom]
[gzserver-1] [INFO] [1790832706.576667651] [crc_diff_drive]: Publishing odom transforms between [odom] and [base_footprint]
[gzserver-1] [INFO] [1790832706.594200102] [crc_joint_states]: Going to publish joint [wheel_left_joint]
[gzserver-1] [INFO] [1790832706.594300824] [crc_joint_states]: Going to publish joint [wheel_right_joint]
[traffic_light-4] [INFO] [1790832711.571201429] [traffic_light]: tl_j44_w -> GREEN
[gzserver-1] [1;33m[Wrn] [Publisher.cc:135] [0m[1;33mQueue limit reached for topic [0m[1;33m/gazebo/crc_track/pose/local/info[0m[1;33m, deleting message. [0m[1;33mThis warning is printed only once.[0m[1;33m
[traffic_light-4] [INFO] [1790832718.331717785] [traffic_light]: tl_j44_w -> YELLOW
[traffic_light-4] [INFO] [1790832720.632699407] [traffic_light]: tl_j44_w -> RED
[traffic_light-4] [INFO] [1790832729.467036442] [traffic_light]: tl_j44_w -> GREEN
[traffic_light-4] [INFO] [1790832739.254652218] [traffic_light]: tl_j44_w -> YELLOW
[traffic_light-4] [INFO] [1790832741.473732060] [traffic_light]: tl_j44_w -> RED
[traffic_light-4] [INFO] [1790832750.722427854] [traffic_light]: tl_j44_w -> GREEN
[traffic_light-4] [INFO] [1790832758.273675601] [traffic_light]: tl_j44_w -> YELLOW
[traffic_light-4] [INFO] [1790832760.430789359] [traffic_light]: tl_j44_w -> RED
[traffic_light-4] [INFO] [1790832769.994215633] [traffic_light]: tl_j44_w -> GREEN
[traffic_light-4] [INFO] [1790832776.227957878] [traffic_light]: tl_j44_w -> YELLOW
[traffic_light-4] [INFO] [1790832778.449328651] [traffic_light]: tl_j44_w -> RED
[traffic_light-4] [INFO] [1790832788.965050512] [traffic_light]: tl_j44_w -> GREEN
[traffic_light-4] [INFO] [1790832794.970612989] [traffic_light]: tl_j44_w -> YELLOW
[traffic_light-4] [INFO] [1790832797.253583346] [traffic_light]: tl_j44_w -> RED
[traffic_light-4] [INFO] [1790832810.630806891] [traffic_light]: tl_j44_w -> GREEN
[traffic_light-4] [INFO] [1790832819.931281173] [traffic_light]: tl_j44_w -> YELLOW
[traffic_light-4] [INFO] [1790832822.187783275] [traffic_light]: tl_j44_w -> RED
[traffic_light-4] [INFO] [1790832830.471889620] [traffic_light]: tl_j44_w -> GREEN
[traffic_light-4] [INFO] [1790832839.755384461] [traffic_light]: tl_j44_w -> YELLOW
[traffic_light-4] [INFO] [1790832842.040289762] [traffic_light]: tl_j44_w -> RED
[traffic_light-4] [INFO] [1790832852.756796519] [traffic_light]: tl_j44_w -> GREEN
[traffic_light-4] [INFO] [1790832859.669869559] [traffic_light]: tl_j44_w -> YELLOW
[traffic_light-4] [INFO] [1790832861.910058655] [traffic_light]: tl_j44_w -> RED
[traffic_light-4] [INFO] [1790832870.913863257] [traffic_light]: tl_j44_w -> GREEN
[traffic_light-4] [INFO] [1790832878.656637162] [traffic_light]: tl_j44_w -> YELLOW
[traffic_light-4] [INFO] [1790832880.827705156] [traffic_light]: tl_j44_w -> RED
[traffic_light-4] [INFO] [1790832894.511835175] [traffic_light]: tl_j44_w -> GREEN
[traffic_light-4] [INFO] [1790832901.710425807] [traffic_light]: tl_j44_w -> YELLOW
[traffic_light-4] [INFO] [1790832904.126975965] [traffic_light]: tl_j44_w -> RED
[traffic_light-4] [INFO] [1790832911.948762075] [traffic_light]: tl_j44_w -> GREEN
[traffic_light-4] [INFO] [1790832921.193577872] [traffic_light]: tl_j44_w -> YELLOW
[traffic_light-4] [INFO] [1790832923.445316480] [traffic_light]: tl_j44_w -> RED
[traffic_light-4] [INFO] [1790832929.176252504] [traffic_light]: tl_j44_w -> GREEN
