[INFO] [launch]: All log files can be found below /root/.ros/log/2026-10-01-05-39-18-923906-ubuntu-1
[INFO] [launch]: Default logging verbosity is set to INFO
[INFO] [gzserver-1]: process started with pid [70]
[INFO] [robot_state_publisher-2]: process started with pid [72]
[INFO] [spawn_entity.py-3]: process started with pid [74]
[INFO] [traffic_light-4]: process started with pid [76]
[INFO] [pedestrian-5]: process started with pid [78]
[robot_state_publisher-2] [INFO] [1790833159.917690033] [robot_state_publisher]: got segment base_footprint
[robot_state_publisher-2] [INFO] [1790833159.917953179] [robot_state_publisher]: got segment base_link
[robot_state_publisher-2] [INFO] [1790833159.917977398] [robot_state_publisher]: got segment base_scan
[robot_state_publisher-2] [INFO] [1790833159.917986432] [robot_state_publisher]: got segment camera_link
[robot_state_publisher-2] [INFO] [1790833159.917997973] [robot_state_publisher]: got segment camera_rgb_frame
[robot_state_publisher-2] [INFO] [1790833159.918004961] [robot_state_publisher]: got segment camera_rgb_optical_frame
[robot_state_publisher-2] [INFO] [1790833159.918012220] [robot_state_publisher]: got segment caster_back_left_link
[robot_state_publisher-2] [INFO] [1790833159.918022412] [robot_state_publisher]: got segment caster_back_right_link
[robot_state_publisher-2] [INFO] [1790833159.918029282] [robot_state_publisher]: got segment imu_link
[robot_state_publisher-2] [INFO] [1790833159.918073169] [robot_state_publisher]: got segment wheel_left_link
[robot_state_publisher-2] [INFO] [1790833159.918094400] [robot_state_publisher]: got segment wheel_right_link
[gzserver-1] Gazebo multi-robot simulator, version 11.10.2
[gzserver-1] Copyright (C) 2012 Open Source Robotics Foundation.
[gzserver-1] Released under the Apache 2 License.
[gzserver-1] http://gazebosim.org
[gzserver-1] 
[gzserver-1] [1;33m[Wrn] [gazebo_ros_init.cpp:178] [0m[1;33m
[gzserver-1] #     # ####### ####### ###  #####  #######
[gzserver-1] ##    # #     #    #     #  #     # #
[gzserver-1] # #   # #     #    #     #  #       #
[gzserver-1] #  #  # #     #    #     #  #       #####
[gzserver-1] #   # # #     #    #     #  #       #
[gzserver-1] #    ## #     #    #     #  #     # #
[gzserver-1] #     # #######    #    ###  #####  #######
[gzserver-1] 
[gzserver-1] This version of Gazebo, now called Gazebo classic, reaches end-of-life
[gzserver-1] in January 2025. Users are highly encouraged to migrate to the new Gazebo
[gzserver-1] using our migration guides (https://gazebosim.org/docs/latest/gazebo_classic_migration?utm_source=gazebo_ros_pkgs&utm_medium=cli)
[gzserver-1] 
[gzserver-1] [0m[1;33m
[spawn_entity.py-3] [INFO] [1790833160.737505328] [spawn_waffle]: Spawn Entity started
[spawn_entity.py-3] [INFO] [1790833160.739882445] [spawn_waffle]: Loading entity published on topic robot_description
[spawn_entity.py-3] [INFO] [1790833160.744981467] [spawn_waffle]: Waiting for entity xml on robot_description
[spawn_entity.py-3] [INFO] [1790833160.759480529] [spawn_waffle]: Waiting for service /spawn_entity, timeout = 30
[spawn_entity.py-3] [INFO] [1790833160.760389684] [spawn_waffle]: Waiting for service /spawn_entity
[gzserver-1] [0m[1;33m[0m[1;33m[0mALSA lib confmisc.c:855:(parse_card) cannot find card '0'
[gzserver-1] ALSA lib conf.c:5182:(_snd_config_evaluate) function snd_func_card_inum returned error: No such file or directory
[gzserver-1] ALSA lib confmisc.c:422:(snd_func_concat) error evaluating strings
[gzserver-1] ALSA lib conf.c:5182:(_snd_config_evaluate) function snd_func_concat returned error: No such file or directory
[gzserver-1] ALSA lib confmisc.c:1334:(snd_func_refer) error evaluating name
[gzserver-1] ALSA lib conf.c:5182:(_snd_config_evaluate) function snd_func_refer returned error: No such file or directory
[gzserver-1] ALSA lib conf.c:5705:(snd_config_expand) Evaluate error: No such file or directory
[gzserver-1] ALSA lib pcm.c:2664:(snd_pcm_open_noupdate) Unknown PCM default
[gzserver-1] AL lib: (EE) ALCplaybackAlsa_open: Could not open playback device 'default': No such file or directory
[gzserver-1] [1;31m[Err] [OpenAL.cc:84] [0m[1;31mUnable to open audio device[[0m[1;31mdefault[0m[1;31m]
[gzserver-1]  Audio will be disabled.
[gzserver-1] [1;32m[Msg] [0m[1;32mWaiting for master.[0m[1;32m
[gzserver-1] [0m[1;32m[0m[1;32m[0m[1;32m[Msg] [0m[1;32mConnected to gazebo master @ [0m[1;32mhttp://127.0.0.1:11345[0m[1;32m
[gzserver-1] [0m[1;32m[0m[1;32m[0m[1;32m[Msg] [0m[1;32mPublicized address: [0m[1;32m192.168.150.128[0m[1;32m
[gzserver-1] [0m[1;32m[0m[1;32m[0m[1;32m[Msg] [0m[1;32mLoading world file [[0m[1;32m/tmp/crc_track.world[0m[1;32m][0m[1;32m
[gzserver-1] [0m[INFO] [1790833161.382093195] [gazebo_ros_state]: Publishing states of gazebo models at [/model_states]
[gzserver-1] [INFO] [1790833161.384442579] [gazebo_ros_state]: Publishing states of gazebo links at [/link_states]
[pedestrian-5] [INFO] [1790833161.497835603] [pedestrian]: crossing at x=0.96 between y=-1.95 and y=-1.05, 6.4 s per crossing, 15 s at each kerb
[spawn_entity.py-3] [INFO] [1790833161.520634518] [spawn_waffle]: Calling service /spawn_entity
[traffic_light-4] [INFO] [1790833161.550317991] [traffic_light]: tl_j44_w: yaw=-3.142, lamp positions resolved
[traffic_light-4] [INFO] [1790833161.555060210] [traffic_light]: 1 lights (tl_j44_w) | backend=state | cfg=/ws_build/install/crc_sim/share/crc_sim/config/traffic_lights.yaml
[gzserver-1] [INFO] [1790833162.244663928] [crc_camera_plugin]: Publishing camera info to [/camera/camera_info]
[spawn_entity.py-3] [INFO] [1790833162.329823787] [spawn_waffle]: Spawn status: SpawnEntity: Successfully spawned entity [waffle]
[INFO] [spawn_entity.py-3]: process has finished cleanly [pid 74]
[gzserver-1] [INFO] [1790833162.955532401] [crc_diff_drive]: Wheel pair 1 separation set to [0.287000m]
[gzserver-1] [INFO] [1790833162.955832050] [crc_diff_drive]: Wheel pair 1 diameter set to [0.066000m]
[gzserver-1] [INFO] [1790833162.957897552] [crc_diff_drive]: Subscribed to [/cmd_vel]
[gzserver-1] [INFO] [1790833162.960768373] [crc_diff_drive]: Advertise odometry on [/odom]
[gzserver-1] [INFO] [1790833162.964845208] [crc_diff_drive]: Publishing odom transforms between [odom] and [base_footprint]
[gzserver-1] [INFO] [1790833162.982035648] [crc_joint_states]: Going to publish joint [wheel_left_joint]
[gzserver-1] [INFO] [1790833162.982128576] [crc_joint_states]: Going to publish joint [wheel_right_joint]
[traffic_light-4] [INFO] [1790833163.062797426] [traffic_light]: tl_j44_w -> RED
[traffic_light-4] [INFO] [1790833167.768936285] [traffic_light]: tl_j44_w -> GREEN
[gzserver-1] [1;33m[Wrn] [Publisher.cc:135] [0m[1;33mQueue limit reached for topic [0m[1;33m/gazebo/crc_track/pose/local/info[0m[1;33m, deleting message. [0m[1;33mThis warning is printed only once.[0m[1;33m
[traffic_light-4] [INFO] [1790833173.650993766] [traffic_light]: tl_j44_w -> YELLOW
[traffic_light-4] [INFO] [1790833175.884350377] [traffic_light]: tl_j44_w -> RED
[traffic_light-4] [INFO] [1790833185.921658880] [traffic_light]: tl_j44_w -> GREEN
[traffic_light-4] [INFO] [1790833195.111715874] [traffic_light]: tl_j44_w -> YELLOW
[traffic_light-4] [INFO] [1790833197.446508974] [traffic_light]: tl_j44_w -> RED
[traffic_light-4] [INFO] [1790833206.930237054] [traffic_light]: tl_j44_w -> GREEN
[traffic_light-4] [INFO] [1790833214.473209411] [traffic_light]: tl_j44_w -> YELLOW
[traffic_light-4] [INFO] [1790833216.746901058] [traffic_light]: tl_j44_w -> RED
[traffic_light-4] [INFO] [1790833226.617631528] [traffic_light]: tl_j44_w -> GREEN
[traffic_light-4] [INFO] [1790833232.817390973] [traffic_light]: tl_j44_w -> YELLOW
[traffic_light-4] [INFO] [1790833235.034630868] [traffic_light]: tl_j44_w -> RED
[traffic_light-4] [INFO] [1790833246.562013586] [traffic_light]: tl_j44_w -> GREEN
[traffic_light-4] [INFO] [1790833253.738350931] [traffic_light]: tl_j44_w -> YELLOW
[traffic_light-4] [INFO] [1790833256.058507371] [traffic_light]: tl_j44_w -> RED
[traffic_light-4] [INFO] [1790833270.896696063] [traffic_light]: tl_j44_w -> GREEN
[traffic_light-4] [INFO] [1790833281.444013221] [traffic_light]: tl_j44_w -> YELLOW
[traffic_light-4] [INFO] [1790833284.139594054] [traffic_light]: tl_j44_w -> RED
[traffic_light-4] [INFO] [1790833292.872739552] [traffic_light]: tl_j44_w -> GREEN
[traffic_light-4] [INFO] [1790833302.718009882] [traffic_light]: tl_j44_w -> YELLOW
[traffic_light-4] [INFO] [1790833304.959387862] [traffic_light]: tl_j44_w -> RED
[traffic_light-4] [INFO] [1790833316.104146988] [traffic_light]: tl_j44_w -> GREEN
[traffic_light-4] [INFO] [1790833323.084149227] [traffic_light]: tl_j44_w -> YELLOW
[traffic_light-4] [INFO] [1790833325.237496355] [traffic_light]: tl_j44_w -> RED
[traffic_light-4] [INFO] [1790833334.326997496] [traffic_light]: tl_j44_w -> GREEN
[traffic_light-4] [INFO] [1790833342.094033903] [traffic_light]: tl_j44_w -> YELLOW
[traffic_light-4] [INFO] [1790833344.238972980] [traffic_light]: tl_j44_w -> RED
[traffic_light-4] [INFO] [1790833357.477691242] [traffic_light]: tl_j44_w -> GREEN
[traffic_light-4] [INFO] [1790833364.682197145] [traffic_light]: tl_j44_w -> YELLOW
[traffic_light-4] [INFO] [1790833366.943191953] [traffic_light]: tl_j44_w -> RED
[traffic_light-4] [INFO] [1790833374.791939203] [traffic_light]: tl_j44_w -> GREEN
[traffic_light-4] [INFO] [1790833383.581393639] [traffic_light]: tl_j44_w -> YELLOW
[traffic_light-4] [INFO] [1790833385.827913122] [traffic_light]: tl_j44_w -> RED
[traffic_light-4] [INFO] [1790833391.581755851] [traffic_light]: tl_j44_w -> GREEN
[traffic_light-4] [INFO] [1790833400.061751069] [traffic_light]: tl_j44_w -> YELLOW
[traffic_light-4] [INFO] [1790833402.302129345] [traffic_light]: tl_j44_w -> RED
