[INFO] [launch]: All log files can be found below /root/.ros/log/2026-10-01-23-37-16-576397-ubuntu-223
[INFO] [launch]: Default logging verbosity is set to INFO
[INFO] [driver-1]: process started with pid [247]
[driver-1] [INFO] [1790897837.447473071] [crc_driver]: Evidence: /tmp/crc_results/20261001T233717_427859Z
[driver-1] [INFO] [1790897837.493055017] [crc_driver]: WAIT_SENSORS: odom distance=0.00 m
[driver-1] [INFO] [1790897837.908526615] [crc_driver]: FOLLOW: odom distance=0.00 m
[driver-1] [INFO] [1790897849.214210801] [crc_driver]: STOP_HOLD: odom distance=0.85 m
[driver-1] [INFO] [1790897852.393154570] [crc_driver]: FOLLOW: odom distance=0.86 m
[driver-1] [INFO] [1790897873.982479826] [crc_driver]: WAIT_SENSORS: odom distance=2.07 m
[driver-1] [INFO] [1790897874.117700644] [crc_driver]: FOLLOW: odom distance=2.07 m
[driver-1] [INFO] [1790897899.682908702] [crc_driver]: WAIT_SENSORS: odom distance=4.44 m
[driver-1] [INFO] [1790897900.026119311] [crc_driver]: FOLLOW: odom distance=4.45 m
[driver-1] [INFO] [1790897909.064510541] [crc_driver]: CROSSING_WAIT: odom distance=5.16 m
[driver-1] [INFO] [1790897916.130322519] [crc_driver]: FOLLOW: odom distance=5.17 m
[driver-1] [INFO] [1790897984.711424028] [crc_driver]: LANE_GRACE: odom distance=10.16 m
[driver-1] [INFO] [1790897984.813637077] [crc_driver]: FOLLOW: odom distance=10.17 m
[driver-1] [INFO] [1790898032.964769491] [crc_driver]: STOP_HOLD: odom distance=13.35 m
[driver-1] [INFO] [1790898036.260231612] [crc_driver]: FOLLOW: odom distance=13.36 m
[driver-1] [INFO] [1790898044.656545616] [crc_driver]: LANE_GRACE: odom distance=13.77 m
[driver-1] [INFO] [1790898044.770942869] [crc_driver]: FOLLOW: odom distance=13.77 m
[driver-1] [INFO] [1790898045.158018850] [crc_driver]: LANE_GRACE: odom distance=13.79 m
[driver-1] [INFO] [1790898046.074307805] [crc_driver]: FOLLOW: odom distance=13.81 m
[driver-1] [INFO] [1790898046.309204623] [crc_driver]: LANE_GRACE: odom distance=13.82 m
[driver-1] [INFO] [1790898047.431163273] [crc_driver]: FOLLOW: odom distance=13.86 m
[driver-1] [INFO] [1790898047.561143870] [crc_driver]: LANE_GRACE: odom distance=13.86 m
[driver-1] [INFO] [1790898047.951604744] [crc_driver]: FOLLOW: odom distance=13.87 m
[driver-1] [INFO] [1790898048.212375161] [crc_driver]: LANE_GRACE: odom distance=13.88 m
[driver-1] [INFO] [1790898048.462299058] [crc_driver]: FOLLOW: odom distance=13.89 m
[driver-1] [INFO] [1790898049.651940479] [crc_driver]: LANE_GRACE: odom distance=13.91 m
[driver-1] [INFO] [1790898049.765492158] [crc_driver]: FOLLOW: odom distance=13.91 m
[driver-1] [INFO] [1790898050.252584386] [crc_driver]: LANE_GRACE: odom distance=13.92 m
[driver-1] [INFO] [1790898050.953181331] [crc_driver]: FOLLOW: odom distance=13.94 m
[driver-1] [INFO] [1790898051.747389305] [crc_driver]: LANE_GRACE: odom distance=13.96 m
[driver-1] [INFO] [1790898051.857671146] [crc_driver]: FOLLOW: odom distance=13.96 m
[driver-1] [INFO] [1790898052.001090849] [crc_driver]: LANE_GRACE: odom distance=13.97 m
[driver-1] [INFO] [1790898052.268272481] [crc_driver]: FOLLOW: odom distance=13.97 m
[driver-1] [INFO] [1790898053.556436620] [crc_driver]: LANE_GRACE: odom distance=14.02 m
[driver-1] [INFO] [1790898054.653519376] [crc_driver]: FOLLOW: odom distance=14.05 m
[driver-1] [INFO] [1790898062.454005493] [crc_driver]: LANE_GRACE: odom distance=14.36 m
[driver-1] [INFO] [1790898062.747025098] [crc_driver]: FOLLOW: odom distance=14.37 m
[driver-1] [INFO] [1790898063.151371412] [crc_driver]: LANE_GRACE: odom distance=14.39 m
[driver-1] [INFO] [1790898063.448681863] [crc_driver]: FOLLOW: odom distance=14.40 m
[driver-1] [INFO] [1790898063.707435512] [crc_driver]: LANE_GRACE: odom distance=14.41 m
[driver-1] [INFO] [1790898063.958093370] [crc_driver]: FOLLOW: odom distance=14.41 m
[driver-1] [INFO] [1790898064.113119068] [crc_driver]: LANE_GRACE: odom distance=14.42 m
[driver-1] [INFO] [1790898064.399323733] [crc_driver]: FOLLOW: odom distance=14.43 m
[driver-1] [INFO] [1790898065.759372919] [crc_driver]: LANE_GRACE: odom distance=14.49 m
[driver-1] [INFO] [1790898065.959414467] [crc_driver]: FOLLOW: odom distance=14.50 m
[driver-1] [INFO] [1790898067.109761372] [crc_driver]: LANE_GRACE: odom distance=14.54 m
[driver-1] [INFO] [1790898068.407230340] [crc_driver]: FOLLOW: odom distance=14.58 m
[driver-1] [INFO] [1790898073.548739428] [crc_driver]: LANE_GRACE: odom distance=14.74 m
[driver-1] [INFO] [1790898073.707402510] [crc_driver]: FOLLOW: odom distance=14.74 m
[driver-1] [INFO] [1790898073.947989476] [crc_driver]: LANE_GRACE: odom distance=14.75 m
[driver-1] [INFO] [1790898074.098133480] [crc_driver]: FOLLOW: odom distance=14.75 m
[driver-1] [INFO] [1790898088.034097905] [crc_driver]: WAIT_SENSORS: odom distance=15.37 m
[driver-1] [INFO] [1790898088.267694044] [crc_driver]: FOLLOW: odom distance=15.37 m
[driver-1] [INFO] [1790898095.474128254] [crc_driver]: CROSSING_WAIT: odom distance=15.82 m
[driver-1] [INFO] [1790898102.933059318] [crc_driver]: FOLLOW: odom distance=15.83 m
[driver-1] [INFO] [1790898115.499682931] [crc_driver]: LANE_GRACE: odom distance=16.55 m
[driver-1] [INFO] [1790898116.198411747] [crc_driver]: FOLLOW: odom distance=16.57 m
[driver-1] [INFO] [1790898117.154116602] [crc_driver]: LANE_GRACE: odom distance=16.60 m
[driver-1] [INFO] [1790898117.953261448] [crc_driver]: FOLLOW: odom distance=16.63 m
[driver-1] [INFO] [1790898118.600535503] [crc_driver]: LANE_GRACE: odom distance=16.64 m
[driver-1] [INFO] [1790898118.701352667] [crc_driver]: FOLLOW: odom distance=16.65 m
[driver-1] [INFO] [1790898125.052296471] [crc_driver]: LANE_GRACE: odom distance=16.86 m
[driver-1] [INFO] [1790898125.408896615] [crc_driver]: FOLLOW: odom distance=16.87 m
[driver-1] [INFO] [1790898125.803213955] [crc_driver]: LANE_GRACE: odom distance=16.88 m
[driver-1] [INFO] [1790898126.455362663] [crc_driver]: FOLLOW: odom distance=16.90 m
[driver-1] [INFO] [1790898127.011123543] [crc_driver]: LANE_GRACE: odom distance=16.92 m
[driver-1] [INFO] [1790898127.157341895] [crc_driver]: FOLLOW: odom distance=16.92 m
[driver-1] [INFO] [1790898127.708398000] [crc_driver]: LANE_GRACE: odom distance=16.95 m
[driver-1] [INFO] [1790898128.641988401] [crc_driver]: WAIT_SENSORS: odom distance=16.98 m
[driver-1] [INFO] [1790898128.712018547] [crc_driver]: LANE_GRACE: odom distance=16.98 m
[driver-1] [INFO] [1790898128.955810327] [crc_driver]: FOLLOW: odom distance=16.99 m
[driver-1] [INFO] [1790898129.062255276] [crc_driver]: LANE_GRACE: odom distance=16.99 m
[driver-1] [INFO] [1790898129.306088905] [crc_driver]: FOLLOW: odom distance=17.00 m
[driver-1] [INFO] [1790898133.198634876] [crc_driver]: LANE_GRACE: odom distance=17.11 m
[driver-1] [INFO] [1790898133.651526412] [crc_driver]: FOLLOW: odom distance=17.12 m
[driver-1] [INFO] [1790898133.854201440] [crc_driver]: LANE_GRACE: odom distance=17.13 m
[driver-1] [INFO] [1790898134.910206441] [crc_driver]: FOLLOW: odom distance=17.16 m
[driver-1] [INFO] [1790898135.049241198] [crc_driver]: LANE_GRACE: odom distance=17.17 m
[driver-1] [INFO] [1790898136.899695945] [crc_driver]: FOLLOW: odom distance=17.23 m
[driver-1] [INFO] [1790898137.197749773] [crc_driver]: LANE_GRACE: odom distance=17.24 m
[driver-1] [INFO] [1790898137.305425902] [crc_driver]: FOLLOW: odom distance=17.24 m
[driver-1] [INFO] [1790898137.554420220] [crc_driver]: LANE_GRACE: odom distance=17.25 m
[driver-1] [INFO] [1790898137.662356328] [crc_driver]: FOLLOW: odom distance=17.25 m
[driver-1] [INFO] [1790898137.951661086] [crc_driver]: LANE_GRACE: odom distance=17.26 m
[driver-1] [INFO] [1790898138.207248745] [crc_driver]: FOLLOW: odom distance=17.27 m
[driver-1] [INFO] [1790898138.300374994] [crc_driver]: LANE_GRACE: odom distance=17.27 m
[driver-1] [INFO] [1790898138.453685726] [crc_driver]: FOLLOW: odom distance=17.27 m
[driver-1] [INFO] [1790898138.602636670] [crc_driver]: LANE_GRACE: odom distance=17.28 m
[driver-1] [INFO] [1790898138.902355422] [crc_driver]: FOLLOW: odom distance=17.28 m
[driver-1] [INFO] [1790898139.453696967] [crc_driver]: LANE_GRACE: odom distance=17.29 m
[driver-1] [INFO] [1790898139.553797274] [crc_driver]: FOLLOW: odom distance=17.30 m
[driver-1] [INFO] [1790898139.913345496] [crc_driver]: LANE_GRACE: odom distance=17.30 m
[driver-1] [INFO] [1790898140.060359449] [crc_driver]: FOLLOW: odom distance=17.31 m
[driver-1] [INFO] [1790898140.198653571] [crc_driver]: LANE_GRACE: odom distance=17.31 m
[driver-1] [INFO] [1790898141.098723294] [crc_driver]: FOLLOW: odom distance=17.34 m
[driver-1] [INFO] [1790898141.453130462] [crc_driver]: LANE_GRACE: odom distance=17.35 m
[driver-1] [INFO] [1790898141.802991625] [crc_driver]: FOLLOW: odom distance=17.36 m
[driver-1] [INFO] [1790898141.952878268] [crc_driver]: LANE_GRACE: odom distance=17.37 m
[driver-1] [INFO] [1790898142.740439948] [crc_driver]: WAIT_SENSORS: odom distance=17.40 m
[driver-1] [INFO] [1790898142.806008389] [crc_driver]: LANE_GRACE: odom distance=17.40 m
[driver-1] [INFO] [1790898143.611778990] [crc_driver]: FOLLOW: odom distance=17.42 m
[driver-1] [INFO] [1790898143.754696866] [crc_driver]: LANE_GRACE: odom distance=17.42 m
[driver-1] [INFO] [1790898144.152536246] [crc_driver]: FOLLOW: odom distance=17.44 m
[driver-1] [INFO] [1790898144.602067826] [crc_driver]: LANE_GRACE: odom distance=17.44 m
[driver-1] [INFO] [1790898144.706006211] [crc_driver]: FOLLOW: odom distance=17.44 m
[driver-1] [INFO] [1790898146.166661844] [crc_driver]: LANE_GRACE: odom distance=17.47 m
[driver-1] [INFO] [1790898146.312358151] [crc_driver]: FOLLOW: odom distance=17.47 m
[driver-1] [INFO] [1790898146.452677168] [crc_driver]: LANE_GRACE: odom distance=17.48 m
[driver-1] [INFO] [1790898147.366749370] [crc_driver]: FOLLOW: odom distance=17.51 m
[driver-1] [INFO] [1790898147.499199497] [crc_driver]: LANE_GRACE: odom distance=17.51 m
[driver-1] [INFO] [1790898147.852509528] [crc_driver]: FOLLOW: odom distance=17.52 m
[driver-1] [INFO] [1790898148.152071926] [crc_driver]: LANE_GRACE: odom distance=17.54 m
[driver-1] [INFO] [1790898148.984841885] [crc_driver]: WAIT_SENSORS: odom distance=17.57 m
[driver-1] [INFO] [1790898149.053340722] [crc_driver]: FOLLOW: odom distance=17.57 m
[driver-1] [INFO] [1790898149.204001552] [crc_driver]: LANE_GRACE: odom distance=17.57 m
[driver-1] [INFO] [1790898150.315721580] [crc_driver]: FOLLOW: odom distance=17.61 m
[driver-1] [INFO] [1790898150.610790105] [crc_driver]: LANE_GRACE: odom distance=17.62 m
[driver-1] [INFO] [1790898152.026831970] [crc_driver]: FOLLOW: odom distance=17.67 m
[driver-1] [INFO] [1790898162.386479845] [crc_driver]: WAIT_SENSORS: odom distance=18.10 m
[driver-1] [INFO] [1790898162.817261226] [crc_driver]: FOLLOW: odom distance=18.11 m
[driver-1] [INFO] [1790898174.796409448] [crc_driver]: WAIT_SENSORS: odom distance=18.87 m
[driver-1] [INFO] [1790898175.263029443] [crc_driver]: FOLLOW: odom distance=18.87 m
[driver-1] [INFO] [1790898211.718519704] [crc_driver]: LANE_GRACE: odom distance=21.71 m
[driver-1] [INFO] [1790898211.954739625] [crc_driver]: FOLLOW: odom distance=21.73 m
[driver-1] [INFO] [1790898215.264030650] [crc_driver]: LANE_GRACE: odom distance=21.90 m
[driver-1] [INFO] [1790898216.056841521] [crc_driver]: FOLLOW: odom distance=21.93 m
[driver-1] [INFO] [1790898217.464818832] [crc_driver]: LANE_GRACE: odom distance=21.98 m
[driver-1] [INFO] [1790898217.859504345] [crc_driver]: FOLLOW: odom distance=21.99 m
