[INFO] [launch]: All log files can be found below /root/.ros/log/2026-10-01-16-02-35-801689-ubuntu-207
[INFO] [launch]: Default logging verbosity is set to INFO
[INFO] [driver-1]: process started with pid [221]
[driver-1] [INFO] [1790870556.970201677] [crc_driver]: Evidence: /tmp/crc_results/20261001T160236_942000Z
[driver-1] [INFO] [1790870557.011886514] [crc_driver]: FOLLOW: odom distance=0.00 m
[driver-1] [INFO] [1790870567.857378436] [crc_driver]: STOP_HOLD: odom distance=0.84 m
[driver-1] [INFO] [1790870570.849449758] [crc_driver]: FOLLOW: odom distance=0.85 m
[driver-1] [INFO] [1790870577.913866066] [crc_driver]: LANE_GRACE: odom distance=1.32 m
[driver-1] [INFO] [1790870578.026678748] [crc_driver]: FOLLOW: odom distance=1.32 m
[driver-1] [INFO] [1790870580.621760565] [crc_driver]: LANE_GRACE: odom distance=1.42 m
[driver-1] [INFO] [1790870580.759736181] [crc_driver]: FOLLOW: odom distance=1.43 m
[driver-1] [INFO] [1790870580.869270336] [crc_driver]: LANE_GRACE: odom distance=1.43 m
[driver-1] [INFO] [1790870582.361605240] [crc_driver]: FOLLOW: odom distance=1.48 m
[driver-1] [INFO] [1790870586.024124872] [crc_driver]: LANE_GRACE: odom distance=1.61 m
[driver-1] [INFO] [1790870586.309329658] [crc_driver]: FOLLOW: odom distance=1.62 m
[driver-1] [INFO] [1790870587.361305416] [crc_driver]: LANE_GRACE: odom distance=1.65 m
[driver-1] [INFO] [1790870587.511551271] [crc_driver]: FOLLOW: odom distance=1.66 m
[driver-1] [INFO] [1790870587.858839468] [crc_driver]: LANE_GRACE: odom distance=1.67 m
[driver-1] [INFO] [1790870587.962279909] [crc_driver]: FOLLOW: odom distance=1.67 m
[driver-1] [INFO] [1790870588.254055436] [crc_driver]: LANE_GRACE: odom distance=1.68 m
[driver-1] [INFO] [1790870590.556329624] [crc_driver]: FOLLOW: odom distance=1.75 m
[driver-1] [INFO] [1790870590.910201245] [crc_driver]: LANE_GRACE: odom distance=1.76 m
[driver-1] [INFO] [1790870591.714638675] [crc_driver]: FOLLOW: odom distance=1.79 m
[driver-1] [INFO] [1790870591.812727535] [crc_driver]: LANE_GRACE: odom distance=1.79 m
[driver-1] [INFO] [1790870592.610071278] [crc_driver]: FOLLOW: odom distance=1.81 m
[driver-1] [INFO] [1790870593.756849890] [crc_driver]: LANE_GRACE: odom distance=1.84 m
[driver-1] [INFO] [1790870595.764384543] [crc_driver]: FOLLOW: odom distance=1.90 m
[driver-1] [INFO] [1790870596.013637604] [crc_driver]: LANE_GRACE: odom distance=1.92 m
[driver-1] [INFO] [1790870596.571327487] [crc_driver]: FOLLOW: odom distance=1.94 m
[driver-1] [INFO] [1790870611.465700709] [crc_driver]: LIGHT_WAIT: odom distance=3.24 m
[driver-1] [INFO] [1790870624.763787780] [crc_driver]: FOLLOW: odom distance=3.25 m
[driver-1] [INFO] [1790870767.875754433] [crc_driver]: STOP_HOLD: odom distance=13.39 m
[driver-1] [INFO] [1790870771.190197873] [crc_driver]: FOLLOW: odom distance=13.40 m
[driver-1] [INFO] [1790870778.858861763] [crc_driver]: LANE_GRACE: odom distance=13.78 m
[driver-1] [INFO] [1790870779.007172410] [crc_driver]: FOLLOW: odom distance=13.79 m
[driver-1] [INFO] [1790870779.108011279] [crc_driver]: LANE_GRACE: odom distance=13.79 m
[driver-1] [INFO] [1790870779.208232108] [crc_driver]: FOLLOW: odom distance=13.80 m
[driver-1] [INFO] [1790870779.668685836] [crc_driver]: LANE_GRACE: odom distance=13.81 m
[driver-1] [INFO] [1790870779.909744661] [crc_driver]: FOLLOW: odom distance=13.82 m
[driver-1] [INFO] [1790870780.701542349] [crc_driver]: LANE_GRACE: odom distance=13.84 m
[driver-1] [INFO] [1790870780.857709390] [crc_driver]: FOLLOW: odom distance=13.85 m
[driver-1] [INFO] [1790870781.002367679] [crc_driver]: LANE_GRACE: odom distance=13.85 m
[driver-1] [INFO] [1790870781.231804975] [crc_driver]: FOLLOW: odom distance=13.86 m
[driver-1] [INFO] [1790870781.855200209] [crc_driver]: LANE_GRACE: odom distance=13.88 m
[driver-1] [INFO] [1790870782.361569912] [crc_driver]: FOLLOW: odom distance=13.89 m
[driver-1] [INFO] [1790870782.509639789] [crc_driver]: LANE_GRACE: odom distance=13.90 m
[driver-1] [INFO] [1790870783.103032867] [crc_driver]: FOLLOW: odom distance=13.92 m
[driver-1] [INFO] [1790870783.208060055] [crc_driver]: LANE_GRACE: odom distance=13.92 m
[driver-1] [INFO] [1790870783.303549961] [crc_driver]: FOLLOW: odom distance=13.92 m
[driver-1] [INFO] [1790870783.707896733] [crc_driver]: LANE_GRACE: odom distance=13.94 m
[driver-1] [INFO] [1790870783.807624726] [crc_driver]: FOLLOW: odom distance=13.94 m
[driver-1] [INFO] [1790870783.910700829] [crc_driver]: LANE_GRACE: odom distance=13.94 m
[driver-1] [INFO] [1790870784.151853275] [crc_driver]: FOLLOW: odom distance=13.95 m
[driver-1] [INFO] [1790870784.511873230] [crc_driver]: LANE_GRACE: odom distance=13.96 m
[driver-1] [INFO] [1790870784.807999472] [crc_driver]: FOLLOW: odom distance=13.98 m
[driver-1] [INFO] [1790870784.912759154] [crc_driver]: LANE_GRACE: odom distance=13.98 m
[driver-1] [INFO] [1790870785.410701344] [crc_driver]: FOLLOW: odom distance=14.00 m
[driver-1] [INFO] [1790870785.605717813] [crc_driver]: LANE_GRACE: odom distance=14.01 m
[driver-1] [INFO] [1790870785.854284503] [crc_driver]: FOLLOW: odom distance=14.02 m
[driver-1] [INFO] [1790870786.254403536] [crc_driver]: LANE_GRACE: odom distance=14.04 m
[driver-1] [INFO] [1790870786.365377853] [crc_driver]: FOLLOW: odom distance=14.04 m
[driver-1] [INFO] [1790870798.804597714] [crc_driver]: LANE_GRACE: odom distance=14.68 m
[driver-1] [INFO] [1790870798.963870732] [crc_driver]: FOLLOW: odom distance=14.69 m
[driver-1] [INFO] [1790870799.365647994] [crc_driver]: LANE_GRACE: odom distance=14.70 m
[driver-1] [INFO] [1790870799.509031234] [crc_driver]: FOLLOW: odom distance=14.71 m
[driver-1] [INFO] [1790870799.652853088] [crc_driver]: LANE_GRACE: odom distance=14.71 m
[driver-1] [INFO] [1790870800.209676414] [crc_driver]: FOLLOW: odom distance=14.73 m
[driver-1] [INFO] [1790870800.616809004] [crc_driver]: LANE_GRACE: odom distance=14.75 m
[driver-1] [INFO] [1790870800.753571931] [crc_driver]: FOLLOW: odom distance=14.75 m
[driver-1] [INFO] [1790870800.907202069] [crc_driver]: LANE_GRACE: odom distance=14.76 m
[driver-1] [INFO] [1790870801.511017454] [crc_driver]: FOLLOW: odom distance=14.78 m
[driver-1] [INFO] [1790870801.656900594] [crc_driver]: LANE_GRACE: odom distance=14.78 m
[driver-1] [INFO] [1790870802.510164514] [crc_driver]: FOLLOW: odom distance=14.81 m
[driver-1] [INFO] [1790870802.611558422] [crc_driver]: LANE_GRACE: odom distance=14.81 m
[driver-1] [INFO] [1790870802.751317331] [crc_driver]: FOLLOW: odom distance=14.81 m
[driver-1] [INFO] [1790870802.865461538] [crc_driver]: LANE_GRACE: odom distance=14.82 m
[driver-1] [INFO] [1790870803.263760164] [crc_driver]: FOLLOW: odom distance=14.83 m
[driver-1] [INFO] [1790870803.408910046] [crc_driver]: LANE_GRACE: odom distance=14.83 m
[driver-1] [INFO] [1790870803.515178620] [crc_driver]: FOLLOW: odom distance=14.83 m
[driver-1] [INFO] [1790870805.009811367] [crc_driver]: LANE_GRACE: odom distance=14.86 m
[driver-1] [INFO] [1790870805.267059437] [crc_driver]: FOLLOW: odom distance=14.87 m
[driver-1] [INFO] [1790870806.207119553] [crc_driver]: LANE_GRACE: odom distance=14.90 m
[driver-1] [INFO] [1790870806.553760730] [crc_driver]: FOLLOW: odom distance=14.91 m
[driver-1] [INFO] [1790870807.715629703] [crc_driver]: LANE_GRACE: odom distance=14.94 m
[driver-1] [INFO] [1790870807.854760722] [crc_driver]: FOLLOW: odom distance=14.95 m
[driver-1] [INFO] [1790870808.503062992] [crc_driver]: LANE_GRACE: odom distance=14.96 m
[driver-1] [INFO] [1790870808.755084781] [crc_driver]: FOLLOW: odom distance=14.97 m
[driver-1] [INFO] [1790870809.504291936] [crc_driver]: LANE_GRACE: odom distance=14.98 m
[driver-1] [INFO] [1790870809.653340989] [crc_driver]: FOLLOW: odom distance=14.98 m
[driver-1] [INFO] [1790870809.766306446] [crc_driver]: LANE_GRACE: odom distance=14.99 m
[driver-1] [INFO] [1790870810.004737979] [crc_driver]: FOLLOW: odom distance=14.99 m
[driver-1] [INFO] [1790870810.359684619] [crc_driver]: LANE_GRACE: odom distance=15.00 m
[driver-1] [INFO] [1790870812.165707532] [crc_driver]: FOLLOW: odom distance=15.06 m
[driver-1] [INFO] [1790870812.311001116] [crc_driver]: LANE_GRACE: odom distance=15.06 m
[driver-1] [INFO] [1790870814.807983810] [crc_driver]: FOLLOW: odom distance=15.14 m
[driver-1] [INFO] [1790870815.301757726] [crc_driver]: LANE_GRACE: odom distance=15.15 m
[driver-1] [INFO] [1790870815.810692813] [crc_driver]: FOLLOW: odom distance=15.16 m
[driver-1] [INFO] [1790870815.953382625] [crc_driver]: LANE_GRACE: odom distance=15.17 m
[driver-1] [INFO] [1790870817.111880761] [crc_driver]: FOLLOW: odom distance=15.20 m
[driver-1] [INFO] [1790870817.499402994] [crc_driver]: LANE_GRACE: odom distance=15.21 m
[driver-1] [INFO] [1790870818.464035759] [crc_driver]: FOLLOW: odom distance=15.24 m
[driver-1] [INFO] [1790870818.850914785] [crc_driver]: LANE_GRACE: odom distance=15.25 m
[driver-1] [INFO] [1790870818.958568153] [crc_driver]: FOLLOW: odom distance=15.25 m
[driver-1] [INFO] [1790870819.102017343] [crc_driver]: LANE_GRACE: odom distance=15.25 m
[driver-1] [INFO] [1790870819.202771193] [crc_driver]: FOLLOW: odom distance=15.26 m
[driver-1] [INFO] [1790870819.408550147] [crc_driver]: LANE_GRACE: odom distance=15.26 m
[driver-1] [INFO] [1790870819.703599480] [crc_driver]: FOLLOW: odom distance=15.27 m
[driver-1] [INFO] [1790870820.611316942] [crc_driver]: LANE_GRACE: odom distance=15.29 m
[driver-1] [INFO] [1790870820.906151778] [crc_driver]: FOLLOW: odom distance=15.30 m
[driver-1] [INFO] [1790870821.052396137] [crc_driver]: LANE_GRACE: odom distance=15.30 m
[driver-1] [INFO] [1790870821.169531368] [crc_driver]: FOLLOW: odom distance=15.31 m
[driver-1] [INFO] [1790870821.304915882] [crc_driver]: LANE_GRACE: odom distance=15.31 m
[driver-1] [INFO] [1790870821.560193974] [crc_driver]: FOLLOW: odom distance=15.32 m
[driver-1] [INFO] [1790870821.719292746] [crc_driver]: LANE_GRACE: odom distance=15.32 m
[driver-1] [INFO] [1790870822.004583450] [crc_driver]: FOLLOW: odom distance=15.33 m
[driver-1] [INFO] [1790870822.110171565] [crc_driver]: LANE_GRACE: odom distance=15.33 m
[driver-1] [INFO] [1790870822.511020050] [crc_driver]: FOLLOW: odom distance=15.34 m
[driver-1] [INFO] [1790870822.713287553] [crc_driver]: LANE_GRACE: odom distance=15.34 m
[driver-1] [INFO] [1790870822.856647878] [crc_driver]: FOLLOW: odom distance=15.35 m
[driver-1] [INFO] [1790870823.009579205] [crc_driver]: LANE_GRACE: odom distance=15.35 m
[driver-1] [INFO] [1790870828.404833124] [crc_driver]: LANE_LOST: odom distance=15.51 m
