[INFO] [launch]: All log files can be found below /root/.ros/log/2026-10-01-16-02-30-785715-ubuntu-1
[INFO] [launch]: Default logging verbosity is set to INFO
[INFO] [gzserver-1]: process started with pid [62]
[INFO] [robot_state_publisher-2]: process started with pid [64]
[INFO] [spawn_entity.py-3]: process started with pid [66]
[INFO] [traffic_light-4]: process started with pid [68]
[INFO] [pedestrian-5]: process started with pid [70]
[robot_state_publisher-2] [INFO] [1790870551.243080230] [robot_state_publisher]: got segment base_footprint
[robot_state_publisher-2] [INFO] [1790870551.243275249] [robot_state_publisher]: got segment base_link
[robot_state_publisher-2] [INFO] [1790870551.243295120] [robot_state_publisher]: got segment base_scan
[robot_state_publisher-2] [INFO] [1790870551.243303540] [robot_state_publisher]: got segment camera_link
[robot_state_publisher-2] [INFO] [1790870551.243311000] [robot_state_publisher]: got segment camera_rgb_frame
[robot_state_publisher-2] [INFO] [1790870551.243318635] [robot_state_publisher]: got segment camera_rgb_optical_frame
[robot_state_publisher-2] [INFO] [1790870551.243343581] [robot_state_publisher]: got segment caster_back_left_link
[robot_state_publisher-2] [INFO] [1790870551.243354382] [robot_state_publisher]: got segment caster_back_right_link
[robot_state_publisher-2] [INFO] [1790870551.243361380] [robot_state_publisher]: got segment imu_link
[robot_state_publisher-2] [INFO] [1790870551.243368308] [robot_state_publisher]: got segment wheel_left_link
[robot_state_publisher-2] [INFO] [1790870551.243375416] [robot_state_publisher]: got segment wheel_right_link
[gzserver-1] Gazebo multi-robot simulator, version 11.10.2
[gzserver-1] Copyright (C) 2012 Open Source Robotics Foundation.
[gzserver-1] Released under the Apache 2 License.
[gzserver-1] http://gazebosim.org
[gzserver-1] 
[spawn_entity.py-3] [INFO] [1790870551.873147276] [spawn_waffle]: Spawn Entity started
[spawn_entity.py-3] [INFO] [1790870551.874834483] [spawn_waffle]: Loading entity published on topic robot_description
[spawn_entity.py-3] [INFO] [1790870551.877920966] [spawn_waffle]: Waiting for entity xml on robot_description
[spawn_entity.py-3] [INFO] [1790870551.891396741] [spawn_waffle]: Waiting for service /spawn_entity, timeout = 30
[spawn_entity.py-3] [INFO] [1790870551.892554065] [spawn_waffle]: Waiting for service /spawn_entity
[gzserver-1] [1;33m[Wrn] [gazebo_ros_init.cpp:178] [0m[1;33m
[gzserver-1] #     # ####### ####### ###  #####  #######
[gzserver-1] ##    # #     #    #     #  #     # #
[gzserver-1] # #   # #     #    #     #  #       #
[gzserver-1] #  #  # #     #    #     #  #       #####
[gzserver-1] #   # # #     #    #     #  #       #
[gzserver-1] #    ## #     #    #     #  #     # #
[gzserver-1] #     # #######    #    ###  #####  #######
[gzserver-1] 
[gzserver-1] This version of Gazebo, now called Gazebo classic, reaches end-of-life
[gzserver-1] in January 2025. Users are highly encouraged to migrate to the new Gazebo
[gzserver-1] using our migration guides (https://gazebosim.org/docs/latest/gazebo_classic_migration?utm_source=gazebo_ros_pkgs&utm_medium=cli)
[gzserver-1] 
[gzserver-1] [0m[1;33m
[gzserver-1] [0m[1;33m[0m[1;33m[0mALSA lib confmisc.c:855:(parse_card) cannot find card '0'
[gzserver-1] ALSA lib conf.c:5182:(_snd_config_evaluate) function snd_func_card_inum returned error: No such file or directory
[gzserver-1] ALSA lib confmisc.c:422:(snd_func_concat) error evaluating strings
[gzserver-1] ALSA lib conf.c:5182:(_snd_config_evaluate) function snd_func_concat returned error: No such file or directory
[gzserver-1] ALSA lib confmisc.c:1334:(snd_func_refer) error evaluating name
[gzserver-1] ALSA lib conf.c:5182:(_snd_config_evaluate) function snd_func_refer returned error: No such file or directory
[gzserver-1] ALSA lib conf.c:5705:(snd_config_expand) Evaluate error: No such file or directory
[gzserver-1] ALSA lib pcm.c:2664:(snd_pcm_open_noupdate) Unknown PCM default
[gzserver-1] AL lib: (EE) ALCplaybackAlsa_open: Could not open playback device 'default': No such file or directory
[gzserver-1] [1;31m[Err] [OpenAL.cc:84] [0m[1;31mUnable to open audio device[[0m[1;31mdefault[0m[1;31m]
[gzserver-1]  Audio will be disabled.
[gzserver-1] [1;32m[Msg] [0m[1;32mWaiting for master.[0m[1;32m
[gzserver-1] [0m[1;32m[0m[1;32m[0m[1;32m[Msg] [0m[1;32mConnected to gazebo master @ [0m[1;32mhttp://127.0.0.1:11345[0m[1;32m
[gzserver-1] [0m[1;32m[0m[1;32m[0m[1;32m[Msg] [0m[1;32mPublicized address: [0m[1;32m192.168.150.128[0m[1;32m
[gzserver-1] [0m[1;32m[0m[1;32m[0m[1;32m[Msg] [0m[1;32mLoading world file [[0m[1;32m/tmp/crc_track.world[0m[1;32m][0m[1;32m
[gzserver-1] [0m[INFO] [1790870552.395914795] [gazebo_ros_state]: Publishing states of gazebo models at [/model_states]
[gzserver-1] [INFO] [1790870552.397079391] [gazebo_ros_state]: Publishing states of gazebo links at [/link_states]
[spawn_entity.py-3] [INFO] [1790870552.421827868] [spawn_waffle]: Calling service /spawn_entity
[traffic_light-4] [INFO] [1790870552.444431269] [traffic_light]: tl_j44_w: yaw=-3.142, lamp positions resolved
[traffic_light-4] [INFO] [1790870552.447079360] [traffic_light]: 1 lights (tl_j44_w) | backend=state | cfg=/ws_build/install/crc_sim/share/crc_sim/config/traffic_lights.yaml
[pedestrian-5] [INFO] [1790870552.523659404] [pedestrian]: crossing at x=0.96 between y=-1.95 and y=-1.05, 6.4 s per crossing, 15 s at each kerb
[gzserver-1] [1;33m[Wrn] [Event.cc:61] [0m[1;33mWarning: Deleting a connection right after creation. [0m[1;33mMake sure to save the ConnectionPtr from a Connect call
[gzserver-1] [0m[INFO] [1790870553.281307781] [crc_camera_plugin]: Publishing camera info to [/camera/camera_info]
[spawn_entity.py-3] [INFO] [1790870553.345996277] [spawn_waffle]: Spawn status: SpawnEntity: Successfully spawned entity [waffle]
[INFO] [spawn_entity.py-3]: process has finished cleanly [pid 66]
[gzserver-1] [INFO] [1790870553.896329635] [crc_diff_drive]: Wheel pair 1 separation set to [0.287000m]
[gzserver-1] [INFO] [1790870553.896394987] [crc_diff_drive]: Wheel pair 1 diameter set to [0.066000m]
[gzserver-1] [INFO] [1790870553.898446180] [crc_diff_drive]: Subscribed to [/cmd_vel]
[gzserver-1] [INFO] [1790870553.900232974] [crc_diff_drive]: Advertise odometry on [/odom]
[gzserver-1] [INFO] [1790870553.903248192] [crc_diff_drive]: Publishing odom transforms between [odom] and [base_footprint]
[gzserver-1] [INFO] [1790870553.916029228] [crc_joint_states]: Going to publish joint [wheel_left_joint]
[gzserver-1] [INFO] [1790870553.916120171] [crc_joint_states]: Going to publish joint [wheel_right_joint]
[traffic_light-4] [INFO] [1790870554.215526366] [traffic_light]: tl_j44_w -> RED
[gzserver-1] [1;33m[Wrn] [Publisher.cc:135] [0m[1;33mQueue limit reached for topic [0m[1;33m/gazebo/crc_track/pose/local/info[0m[1;33m, deleting message. [0m[1;33mThis warning is printed only once.[0m[1;33m
[traffic_light-4] [INFO] [1790870559.598956216] [traffic_light]: tl_j44_w -> GREEN
[traffic_light-4] [INFO] [1790870566.146053989] [traffic_light]: tl_j44_w -> YELLOW
[traffic_light-4] [INFO] [1790870568.803146397] [traffic_light]: tl_j44_w -> RED
[traffic_light-4] [INFO] [1790870578.639717822] [traffic_light]: tl_j44_w -> GREEN
[traffic_light-4] [INFO] [1790870589.072427319] [traffic_light]: tl_j44_w -> YELLOW
[traffic_light-4] [INFO] [1790870591.634368872] [traffic_light]: tl_j44_w -> RED
[traffic_light-4] [INFO] [1790870602.389675104] [traffic_light]: tl_j44_w -> GREEN
[traffic_light-4] [INFO] [1790870611.084277419] [traffic_light]: tl_j44_w -> YELLOW
[traffic_light-4] [INFO] [1790870613.564615336] [traffic_light]: tl_j44_w -> RED
[traffic_light-4] [INFO] [1790870624.391088916] [traffic_light]: tl_j44_w -> GREEN
[traffic_light-4] [INFO] [1790870631.205830983] [traffic_light]: tl_j44_w -> YELLOW
[traffic_light-4] [INFO] [1790870633.653573572] [traffic_light]: tl_j44_w -> RED
[traffic_light-4] [INFO] [1790870645.398002302] [traffic_light]: tl_j44_w -> GREEN
[traffic_light-4] [INFO] [1790870651.794017874] [traffic_light]: tl_j44_w -> YELLOW
[traffic_light-4] [INFO] [1790870654.350259040] [traffic_light]: tl_j44_w -> RED
[traffic_light-4] [INFO] [1790870669.255532567] [traffic_light]: tl_j44_w -> GREEN
[traffic_light-4] [INFO] [1790870679.613162708] [traffic_light]: tl_j44_w -> YELLOW
[traffic_light-4] [INFO] [1790870682.114255949] [traffic_light]: tl_j44_w -> RED
[traffic_light-4] [INFO] [1790870690.941721971] [traffic_light]: tl_j44_w -> GREEN
[traffic_light-4] [INFO] [1790870700.976375147] [traffic_light]: tl_j44_w -> YELLOW
[traffic_light-4] [INFO] [1790870703.557073790] [traffic_light]: tl_j44_w -> RED
[traffic_light-4] [INFO] [1790870716.186530036] [traffic_light]: tl_j44_w -> GREEN
[traffic_light-4] [INFO] [1790870724.404631105] [traffic_light]: tl_j44_w -> YELLOW
[traffic_light-4] [INFO] [1790870726.898019886] [traffic_light]: tl_j44_w -> RED
[traffic_light-4] [INFO] [1790870737.310921568] [traffic_light]: tl_j44_w -> GREEN
[traffic_light-4] [INFO] [1790870746.694919583] [traffic_light]: tl_j44_w -> YELLOW
[traffic_light-4] [INFO] [1790870749.330935003] [traffic_light]: tl_j44_w -> RED
[traffic_light-4] [INFO] [1790870765.395517690] [traffic_light]: tl_j44_w -> GREEN
[traffic_light-4] [INFO] [1790870774.270719604] [traffic_light]: tl_j44_w -> YELLOW
[traffic_light-4] [INFO] [1790870776.825982513] [traffic_light]: tl_j44_w -> RED
[traffic_light-4] [INFO] [1790870785.563012022] [traffic_light]: tl_j44_w -> GREEN
[traffic_light-4] [INFO] [1790870795.852286890] [traffic_light]: tl_j44_w -> YELLOW
[traffic_light-4] [INFO] [1790870798.449686378] [traffic_light]: tl_j44_w -> RED
[traffic_light-4] [INFO] [1790870804.939109351] [traffic_light]: tl_j44_w -> GREEN
[traffic_light-4] [INFO] [1790870814.667761124] [traffic_light]: tl_j44_w -> YELLOW
[traffic_light-4] [INFO] [1790870817.258232717] [traffic_light]: tl_j44_w -> RED
[traffic_light-4] [INFO] [1790870831.387889826] [traffic_light]: tl_j44_w -> GREEN
[traffic_light-4] [INFO] [1790870840.814679311] [traffic_light]: tl_j44_w -> YELLOW
[traffic_light-4] [INFO] [1790870843.372280570] [traffic_light]: tl_j44_w -> RED
[traffic_light-4] [INFO] [1790870854.214216309] [traffic_light]: tl_j44_w -> GREEN
[traffic_light-4] [INFO] [1790870865.005696297] [traffic_light]: tl_j44_w -> YELLOW
[traffic_light-4] [INFO] [1790870867.604228274] [traffic_light]: tl_j44_w -> RED
[traffic_light-4] [INFO] [1790870876.821754669] [traffic_light]: tl_j44_w -> GREEN
[traffic_light-4] [INFO] [1790870887.718094811] [traffic_light]: tl_j44_w -> YELLOW
[traffic_light-4] [INFO] [1790870890.215713820] [traffic_light]: tl_j44_w -> RED
